******************************************************************************
                  TI ARM Linker PC v16.9.0                     
******************************************************************************
>> Linked Mon Jan 23 22:47:44 2017

OUTPUT FILE NAME:   <empty_CC2650_LAUNCHXL_TI.out>
ENTRY POINT SYMBOL: "ResetISR"  address: 00004179


MEMORY CONFIGURATION

         name            origin    length      used     unused   attr    fill
----------------------  --------  ---------  --------  --------  ----  --------
  FLASH                 00000000   00020000  00005636  0001a9ca  R  X
  SRAM                  20000000   00005000  00001699  00003967  RW X


SEGMENT ALLOCATION MAP

run origin  load origin   length   init length attrs members
----------  ----------- ---------- ----------- ----- -------
00000000    00000000    0000003c   0000003c    r--
  00000000    00000000    0000003c   0000003c    r-- .resetVecs
00000100    00000100    000055b0   000055b0    r-x
  00000100    00000100    0000003c   0000003c    r-- .const:ti_sysbios_knl_Task_Object__PARAMS__C
  0000013c    0000013c    00000034   00000034    r-- .const:ti_sysbios_knl_Mailbox_Object__PARAMS__C
  00000170    00000170    00000030   00000030    r-- .const:ti_sysbios_family_arm_m3_Hwi_Object__PARAMS__C
  000001a0    000001a0    0000002c   0000002c    r-- .const:ti_sysbios_hal_Hwi_Object__PARAMS__C
  000001cc    000001cc    00000028   00000028    r-- .const:ti_sysbios_heaps_HeapMem_Module__FXNS__C
  000001f4    000001f4    00000028   00000028    r-- .const:ti_sysbios_knl_Swi_Object__PARAMS__C
  0000021c    0000021c    00000024   00000024    r-- .const:ti_sysbios_gates_GateHwi_Module__FXNS__C
  00000240    00000240    00000024   00000024    r-- .const:ti_sysbios_gates_GateMutex_Module__FXNS__C
  00000264    00000264    00000024   00000024    r-- .const:ti_sysbios_heaps_HeapMem_Object__PARAMS__C
  00000288    00000288    00000024   00000024    r-- .const:ti_sysbios_knl_Clock_Object__PARAMS__C
  000002ac    000002ac    00000024   00000024    r-- .const:ti_sysbios_knl_Semaphore_Object__PARAMS__C
  000002d0    000002d0    00000020   00000020    r-- .const:ti_sysbios_family_arm_m3_Hwi_Object__DESC__C
  000002f0    000002f0    00000020   00000020    r-- .const:ti_sysbios_gates_GateHwi_Object__DESC__C
  00000310    00000310    00000020   00000020    r-- .const:ti_sysbios_gates_GateMutex_Object__DESC__C
  00000330    00000330    00000020   00000020    r-- .const:ti_sysbios_hal_Hwi_Object__DESC__C
  00000350    00000350    00000020   00000020    r-- .const:ti_sysbios_heaps_HeapMem_Object__DESC__C
  00000370    00000370    00000020   00000020    r-- .const:ti_sysbios_knl_Clock_Object__DESC__C
  00000390    00000390    00000020   00000020    r-- .const:ti_sysbios_knl_Mailbox_Object__DESC__C
  000003b0    000003b0    00000020   00000020    r-- .const:ti_sysbios_knl_Queue_Object__DESC__C
  000003d0    000003d0    00000020   00000020    r-- .const:ti_sysbios_knl_Semaphore_Object__DESC__C
  000003f0    000003f0    00000020   00000020    r-- .const:ti_sysbios_knl_Swi_Object__DESC__C
  00000410    00000410    00000020   00000020    r-- .const:ti_sysbios_knl_Task_Object__DESC__C
  00000430    00000430    00000018   00000018    r-- .const:ti_sysbios_gates_GateHwi_Object__PARAMS__C
  00000448    00000448    00000018   00000018    r-- .const:ti_sysbios_gates_GateMutex_Object__PARAMS__C
  00000460    00000460    00000018   00000018    r-- .const:ti_sysbios_knl_Queue_Object__PARAMS__C
  00000478    00000478    00000008   00000008    r-- .const:ti_sysbios_knl_Idle_funcList__C
  00000484    00000484    00000004   00000004    r-- .const:ti_sysbios_family_arm_cc26xx_Timer_startupNeeded__C
  00000488    00000488    00000004   00000004    r-- .const:ti_sysbios_family_arm_m3_Hwi_E_alreadyDefined__C
  0000048c    0000048c    00000004   00000004    r-- .const:ti_sysbios_family_arm_m3_Hwi_E_hwiLimitExceeded__C
  00000490    00000490    00000004   00000004    r-- .const:ti_sysbios_family_arm_m3_Hwi_NUM_INTERRUPTS__C
  00000494    00000494    00000004   00000004    r-- .const:ti_sysbios_family_arm_m3_Hwi_Object__count__C
  00000498    00000498    00000004   00000004    r-- .const:ti_sysbios_family_arm_m3_Hwi_Object__table__C
  0000049c    0000049c    00000004   00000004    r-- .const:ti_sysbios_family_arm_m3_Hwi_ccr__C
  000004a0    000004a0    00000004   00000004    r-- .const:ti_sysbios_family_arm_m3_Hwi_excHandlerFunc__C
  000004a4    000004a4    00000004   00000004    r-- .const:ti_sysbios_family_arm_m3_Hwi_nullIsrFunc__C
  000004a8    000004a8    00000004   00000004    r-- .const:ti_sysbios_family_arm_m3_Hwi_numSparseInterrupts__C
  000004ac    000004ac    00000004   00000004    r-- .const:ti_sysbios_family_arm_m3_Hwi_priGroup__C
  000004b0    000004b0    00000004   00000004    r-- .const:ti_sysbios_family_arm_m3_TaskSupport_stackAlignment__C
  000004b4    000004b4    00000004   00000004    r-- .const:ti_sysbios_heaps_HeapMem_E_memory__C
  000004b8    000004b8    00000004   00000004    r-- .const:ti_sysbios_heaps_HeapMem_Module__gateObj__C
  000004bc    000004bc    00000004   00000004    r-- .const:ti_sysbios_heaps_HeapMem_Object__count__C
  000004c0    000004c0    00000004   00000004    r-- .const:ti_sysbios_heaps_HeapMem_Object__table__C
  000004c4    000004c4    00000004   00000004    r-- .const:ti_sysbios_heaps_HeapMem_reqAlign__C
  000004c8    000004c8    00000004   00000004    r-- .const:ti_sysbios_knl_Clock_serviceMargin__C
  000004cc    000004cc    00000004   00000004    r-- .const:ti_sysbios_knl_Mailbox_Object__count__C
  000004d0    000004d0    00000004   00000004    r-- .const:ti_sysbios_knl_Mailbox_Object__table__C
  000004d4    000004d4    00000004   00000004    r-- .const:ti_sysbios_knl_Queue_Object__count__C
  000004d8    000004d8    00000004   00000004    r-- .const:ti_sysbios_knl_Queue_Object__table__C
  000004dc    000004dc    00000004   00000004    r-- .const:ti_sysbios_knl_Swi_Object__count__C
  000004e0    000004e0    00000004   00000004    r-- .const:ti_sysbios_knl_Swi_Object__table__C
  000004e4    000004e4    00000004   00000004    r-- .const:ti_sysbios_knl_Swi_numPriorities__C
  000004e8    000004e8    00000004   00000004    r-- .const:ti_sysbios_knl_Task_Object__count__C
  000004ec    000004ec    00000004   00000004    r-- .const:ti_sysbios_knl_Task_Object__table__C
  000004f0    000004f0    00000004   00000004    r-- .const:ti_sysbios_knl_Task_allBlockedFunc__C
  000004f4    000004f4    00000004   00000004    r-- .const:ti_sysbios_knl_Task_defaultStackHeap__C
  000004f8    000004f8    00000004   00000004    r-- .const:ti_sysbios_knl_Task_defaultStackSize__C
  000004fc    000004fc    00000004   00000004    r-- .const:ti_sysbios_knl_Task_numConstructedTasks__C
  00000502    00000502    00000002   00000002    r-- .const:ti_sysbios_family_arm_cc26xx_Timer_Module__id__C
  00000504    00000504    00000002   00000002    r-- .const:ti_sysbios_family_arm_cc26xx_TimestampProvider_useClockTimer__C
  00000506    00000506    00000002   00000002    r-- .const:ti_sysbios_family_arm_m3_Hwi_Module__id__C
  00000508    00000508    00000002   00000002    r-- .const:ti_sysbios_gates_GateHwi_Module__id__C
  0000050a    0000050a    00000002   00000002    r-- .const:ti_sysbios_gates_GateMutex_Module__id__C
  0000050c    0000050c    00000002   00000002    r-- .const:ti_sysbios_heaps_HeapMem_Module__id__C
  0000050e    0000050e    00000002   00000002    r-- .const:ti_sysbios_knl_Task_initStackFlag__C
  00000510    00000510    00000001   00000001    r-- .const:ti_sysbios_knl_Clock_tickMode__C
  00000514    00000514    00000008   00000008    r-- .const:xdc_runtime_Startup_firstFxns__C
  0000051c    0000051c    00000008   00000008    r-- .const:xdc_runtime_Startup_lastFxns__C
  00000524    00000524    00000004   00000004    r-- .const:xdc_runtime_Assert_E_assertFailed__C
  00000528    00000528    00000004   00000004    r-- .const:xdc_runtime_Error_E_memory__C
  0000052c    0000052c    00000004   00000004    r-- .const:xdc_runtime_Error_policyFxn__C
  00000530    00000530    00000004   00000004    r-- .const:xdc_runtime_IGateProvider_Interface__BASE__C
  00000534    00000534    00000004   00000004    r-- .const:xdc_runtime_IHeap_Interface__BASE__C
  00000538    00000538    00000004   00000004    r-- .const:xdc_runtime_IModule_Interface__BASE__C
  0000053c    0000053c    00000004   00000004    r-- .const:xdc_runtime_Main_Module__diagsEnabled__C
  00000540    00000540    00000004   00000004    r-- .const:xdc_runtime_Main_Module__diagsIncluded__C
  00000544    00000544    00000004   00000004    r-- .const:xdc_runtime_Main_Module__diagsMask__C
  00000548    00000548    00000004   00000004    r-- .const:xdc_runtime_Memory_defaultHeapInstance__C
  0000054c    0000054c    00000004   00000004    r-- .const:xdc_runtime_Startup_execImpl__C
  00000550    00000550    00000004   00000004    r-- .const:xdc_runtime_Startup_maxPasses__C
  00000554    00000554    00000004   00000004    r-- .const:xdc_runtime_Startup_sfxnRts__C
  00000558    00000558    00000004   00000004    r-- .const:xdc_runtime_Startup_sfxnTab__C
  0000055c    0000055c    00000004   00000004    r-- .const:xdc_runtime_Startup_startModsFxn__C
  00000560    00000560    00000004   00000004    r-- .const:xdc_runtime_SysCallback_abortFxn__C
  00000564    00000564    00000004   00000004    r-- .const:xdc_runtime_SysCallback_exitFxn__C
  00000568    00000568    00000004   00000004    r-- .const:xdc_runtime_System_abortFxn__C
  0000056c    0000056c    00000004   00000004    r-- .const:xdc_runtime_System_exitFxn__C
  00000570    00000570    00000004   00000004    r-- .const:xdc_runtime_System_maxAtexitHandlers__C
  00000574    00000574    00000004   00000004    r-- .const:xdc_runtime_Text_charTab__C
  00000578    00000578    00000004   00000004    r-- .const:xdc_runtime_Text_nameEmpty__C
  0000057c    0000057c    00000004   00000004    r-- .const:xdc_runtime_Text_nameStatic__C
  00000580    00000580    00000004   00000004    r-- .const:xdc_runtime_Text_nameUnknown__C
  00000584    00000584    00000002   00000002    r-- .const:xdc_runtime_Main_Module__id__C
  00000586    00000586    00000002   00000002    r-- .const:xdc_runtime_Memory_Module__id__C
  00000588    00000588    00000002   00000002    r-- .const:xdc_runtime_Text_charCnt__C
  0000058a    0000058a    00000002   00000002    r-- .const:xdc_runtime_Text_isLoaded__C
  0000058c    0000058c    00000001   00000001    r-- .const:xdc_runtime_Error_policy__C
  00000590    00000590    00000004   00000004    r-- .const:ti_sysbios_rom_ROM_AONRTCChannelEnable
  00000594    00000594    00000004   00000004    r-- .const:ti_sysbios_rom_ROM_AONRTCCompareValueSet
  00000598    00000598    00000004   00000004    r-- .const:ti_sysbios_rom_ROM_AONRTCCurrentCompareValueGet
  0000059c    0000059c    00000004   00000004    r-- .const:ti_sysbios_rom_ROM_AONRTCEventClear
  000005a0    000005a0    00000004   00000004    r-- .const:ti_sysbios_rom_ROM_ti_sysbios_family_arm_cc26xx_Timer_getCount64__E
  000005a4    000005a4    00000004   00000004    r-- .const:ti_sysbios_rom_ROM_ti_sysbios_family_arm_cc26xx_Timer_getCurrentTick__E
  000005a8    000005a8    00000004   00000004    r-- .const:ti_sysbios_rom_ROM_ti_sysbios_family_arm_cc26xx_Timer_getMaxTicks__E
  000005ac    000005ac    00000004   00000004    r-- .const:ti_sysbios_rom_ROM_ti_sysbios_family_arm_cc26xx_Timer_initDevice__I
  000005b0    000005b0    00000004   00000004    r-- .const:ti_sysbios_rom_ROM_ti_sysbios_family_arm_cc26xx_Timer_setNextTick__E
  000005b4    000005b4    00000004   00000004    r-- .const:ti_sysbios_rom_ROM_ti_sysbios_family_arm_cc26xx_Timer_setThreshold__I
  000005b8    000005b8    00000004   00000004    r-- .const:ti_sysbios_rom_ROM_ti_sysbios_family_arm_cc26xx_Timer_start__E
  000005bc    000005bc    00000004   00000004    r-- .const:ti_sysbios_rom_ROM_ti_sysbios_family_arm_cc26xx_TimestampProvider_get32__E
  000005c0    000005c0    00000004   00000004    r-- .const:ti_sysbios_rom_ROM_xdc_runtime_Startup_getState__I
  000005c4    000005c4    00000004   00000004    r-- .const:ti_sysbios_rom_ROM_xdc_runtime_System_SupportProxy_abort__E
  000005c8    000005c8    00000004   00000004    r-- .const:ti_sysbios_rom_ROM_xdc_runtime_System_SupportProxy_exit__E
  000005cc    000005cc    00000004   00000004    r-- .const:ti_sysbios_gates_GateMutex_Instance_State_sem__O
  000005d0    000005d0    00000004   00000004    r-- .const:ti_sysbios_knl_Clock_Module_State_clockQ__O
  000005d4    000005d4    00000004   00000004    r-- .const:ti_sysbios_knl_Mailbox_Instance_State_dataQue__O
  000005d8    000005d8    00000004   00000004    r-- .const:ti_sysbios_knl_Mailbox_Instance_State_dataSem__O
  000005dc    000005dc    00000004   00000004    r-- .const:ti_sysbios_knl_Mailbox_Instance_State_freeQue__O
  000005e0    000005e0    00000004   00000004    r-- .const:ti_sysbios_knl_Mailbox_Instance_State_freeSem__O
  000005e4    000005e4    00000004   00000004    r-- .const:ti_sysbios_knl_Semaphore_Instance_State_pendQ__O
  000005e8    000005e8    00000004   00000004    r-- .const:ti_sysbios_knl_Task_Module_State_inactiveQ__O
  000005ec    000005ec    00004bf4   00004bf4    r-x .text
  000051e0    000051e0    0000027e   0000027e    r-- .const
  00005460    00005460    00000250   00000250    r-- .cinit
0001ffa8    0001ffa8    00000058   00000058    r--
  0001ffa8    0001ffa8    00000058   00000058    r-- .ccfg
20000100    20000100    000012d6   00000000    rw-
  20000100    20000100    00000044   00000000    rw- .data:ti_sysbios_knl_Task_Module__state__V
  20000144    20000144    00000034   00000000    rw- .data:ti_sysbios_family_arm_m3_Hwi_Module__state__V
  20000178    20000178    0000002c   00000000    rw- .data:ti_sysbios_knl_Clock_Module__state__V
  200001a4    200001a4    00000024   00000000    rw- .data:ti_sysbios_BIOS_Module__state__V
  200001c8    200001c8    0000001c   00000000    rw- .data:ti_sysbios_knl_Swi_Module__state__V
  200001e4    200001e4    00000008   00000000    rw- .data:ti_sysbios_family_arm_cc26xx_Timer_Module__state__V
  200001ec    200001ec    00000004   00000000    rw- .data:ti_sysbios_family_arm_cc26xx_TimestampProvider_Module__state__V
  200001f0    200001f0    00000008   00000000    rw- .data:xdc_runtime_Startup_Module__state__V
  200001f8    200001f8    00000008   00000000    rw- .data:xdc_runtime_System_Module__state__V
  20000200    20000200    00000004   00000000    rw- .data:xdc_runtime_Memory_Module__state__V
  20000208    20000208    00000e7f   00000000    rw- .bss
  20001088    20001088    0000034e   00000000    rw- .data
20004d00    20004d00    00000300   00000000    rw-
  20004d00    20004d00    00000300   00000000    rw- .stack


SECTION ALLOCATION MAP

 output                                  attributes/
section   page    origin      length       input sections
--------  ----  ----------  ----------   ----------------
.text      0    000005ec    00004bf4     
                  000005ec    0000033c     rom_sysbios.aem3 : rom_sysbios.obj (.text:xdc_runtime_System_doPrint__I)
                  00000928    00000324     rtsv7M3_T_le_eabi.lib : trgdrv.obj (.text)
                  00000c4c    00000228     drivers_cc26xxware.aem3 : PowerCC26XX.oem3 (.text:Power_sleep)
                  00000e74    00000204     driverlib.lib : sys_ctrl.obj (.text:NOROM_SysCtrlSetRechargeBeforePowerDown)
                  00001078    000001f4     rtsv7M3_T_le_eabi.lib : ull_div_t2.obj (.text)
                  0000126c    000001d0     drivers_cc26xxware.aem3 : PowerCC26XX_calibrateRCOSC.oem3 (.text:calibrateRcoscHf1)
                  0000143c    000001c4                             : PINCC26XX.oem3 (.text:PIN_init)
                  00001600    000001a0                             : UARTCC26XX.oem3 (.text:UARTCC26XX_open)
                  000017a0    00000194     empty.obj (.text:main)
                  00001934    00000184     drivers_cc26xxware.aem3 : PowerCC26XX_calibrateRCOSC.oem3 (.text:PowerCC26XX_doCalibrate)
                  00001ab8    00000130     driverlib.lib : setup_rom.obj (.text:NOROM_SetupAfterColdResetWakeupFromShutDownCfg3)
                  00001be8    0000011c     drivers_cc26xxware.aem3 : PowerCC26XX.oem3 (.text:Power_init)
                  00001d04    0000011c                             : UARTCC26XX.oem3 (.text:UARTCC26XX_read)
                  00001e20    00000110                             : UARTCC26XX.oem3 (.text:UARTCC26XX_hwiIntFxn)
                  00001f30    000000fc                             : UARTCC26XX.oem3 (.text:UARTCC26XX_write)
                  0000202c    000000f8                             : I2CCC26XX.oem3 (.text:I2CCC26XX_open)
                  00002124    000000f8     empty_pem3.oem3 (.text:xdc_runtime_System_printfExtend__I)
                  0000221c    000000f4     empty.obj (.text:heartBeatFxn)
                  00002310    000000e8     drivers_cc26xxware.aem3 : I2CCC26XX.oem3 (.text:I2CCC26XX_hwiFxn)
                  000023f8    000000e4     driverlib.lib : setup_rom.obj (.text:NOROM_SetupAfterColdResetWakeupFromShutDownCfg2)
                  000024dc    000000e0     drivers_cc26xxware.aem3 : PINCC26XX.oem3 (.text:PINCC26XX_setIoCfg)
                  000025bc    000000d4     power_cc26xx_tirtos.aem3 : PowerCC26XX_tirtos.oem3 (.text:PowerCC26XX_standbyPolicy)
                  00002690    000000d4     drivers_cc26xxware.aem3 : PowerCC26XX.oem3 (.text:Power_releaseDependency)
                  00002764    000000d0                             : PowerCC26XX.oem3 (.text:Power_setDependency)
                  00002834    000000c8                             : UARTCC26XX.oem3 (.text:UARTCC26XX_initHw)
                  000028fc    000000c2                             : I2CCC26XX.oem3 (.text:I2CCC26XX_transfer)
                  000029be    00000002                             : PowerCC26XX.oem3 (.text:emptyClockFunc)
                  000029c0    000000bc     driverlib.lib : setup.obj (.text:TrimAfterColdResetWakeupFromShutDown)
                  00002a7c    000000a8                   : setup.obj (.text:NOROM_SetupTrimDevice)
                  00002b24    000000a0     auto_init.aem3 : auto_init.oem3 (.text)
                  00002bc4    0000009c     rtsv7M3_T_le_eabi.lib : memcpy_t2.obj (.text)
                  00002c60    0000009a     rom_sysbios.aem3 : rom_sysbios.obj (.text:xdc_runtime_Text_putSite__E)
                  00002cfa    00000002     rtsv7M3_T_le_eabi.lib : i_div0.obj (.text)
                  00002cfc    00000098     rom_sysbios.aem3 : rom_sysbios.obj (.text:ti_sysbios_knl_Clock_workFuncDynamic__E)
                  00002d94    00000094     drivers_cc26xxware.aem3 : PINCC26XX.oem3 (.text:PIN_open)
                  00002e28    00000094                             : UARTCC26XX.oem3 (.text:writeFinishedDoCallback)
                  00002ebc    00000094     rom_sysbios.aem3 : rom_sysbios.obj (.text:xdc_runtime_Text_putMod__E)
                  00002f50    00000090     drivers_cc26xxware.aem3 : I2CCC26XX.oem3 (.text:I2CCC26XX_cancel)
                  00002fe0    00000090                             : PowerCC26XX.oem3 (.text:switchXOSCHFclockFunc)
                  00003070    0000008c                             : I2CCC26XX.oem3 (.text:I2CCC26XX_primeTransfer)
                  000030fc    0000008c                             : UARTCC26XX.oem3 (.text:UARTCC26XX_initIO)
                  00003188    0000008c                             : UARTCC26XX.oem3 (.text:UARTCC26XX_writeCancel)
                  00003214    0000007c                             : PowerCC26XX.oem3 (.text:disableLFClockQualifiers)
                  00003290    0000007a     rtsv7M3_T_le_eabi.lib : memset_t2.obj (.text)
                  0000330a    00000002     rom_sysbios.aem3 : rom_sysbios.obj (.text:ti_sysbios_BIOS_linkedWithIncorrectBootLibrary__E)
                  0000330c    00000078     driverlib.lib : setup_rom.obj (.text:NOROM_SetupAfterColdResetWakeupFromShutDownCfg1)
                  00003384    00000078     drivers_cc26xxware.aem3 : UARTCC26XX.oem3 (.text:UARTCC26XX_close)
                  000033fc    00000074                             : PowerCC26XX_calibrateRCOSC.oem3 (.text:PowerCC26XX_auxISR)
                  00003470    00000074                             : PowerCC26XX_calibrateRCOSC.oem3 (.text:calibrateRcoscHf2)
                  000034e4    00000074     rom_sysbios.aem3 : rom_sysbios.obj (.text:ti_sysbios_family_arm_cc26xx_Timer_start__E)
                  00003558    00000074     drivers_cc26xxware.aem3 : UARTCC26XX.oem3 (.text:writeTxFifoFlush)
                  000035cc    00000070     driverlib.lib : chipinfo.obj (.text:NOROM_ChipInfo_GetHwRevision)
                  0000363c    0000006d     rom_sysbios.aem3 : rom_sysbios.obj (.text:xdc_runtime_System_formatNum__I)
                  000036a9    00000001     --HOLE-- [fill = 0]
                  000036aa    00000002     empty_pem3.oem3 (.text:ti_sysbios_BIOS_nullFunc__I)
                  000036ac    0000006c     driverlib.lib : setup_rom.obj (.text:NOROM_SetupGetTrimForAmpcompCtrl)
                  00003718    0000006c     drivers_cc26xxware.aem3 : PowerCC26XX.oem3 (.text:PowerCC26XX_calibrate)
                  00003784    0000006c                             : UARTCC26XX.oem3 (.text:UARTCC26XX_readCancel)
                  000037f0    00000068     driverlib.lib : setup_rom.obj (.text:NOROM_SetupGetTrimForAnabypassValue1)
                  00003858    00000068                   : sys_ctrl.obj (.text:NOROM_SysCtrl_DCDC_VoltageConditionalControl)
                  000038c0    00000068     rtsv7M3_T_le_eabi.lib : copy_decompress_lzss.obj (.text:decompress:lzss)
                  00003928    00000068                           : trgmsg.obj (.text)
                  00003990    00000064     drivers_cc26xxware.aem3 : I2CCC26XX.oem3 (.text:I2CCC26XX_close)
                  000039f4    00000064                             : I2CCC26XX.oem3 (.text:I2CCC26XX_initIO)
                  00003a58    00000064                             : UARTCC26XX.oem3 (.text:UARTCC26XX_control)
                  00003abc    00000060                             : PowerCC26XX_calibrateRCOSC.oem3 (.text:PowerCC26XX_RCOSC_clockFunc)
                  00003b1c    00000060                             : PowerCC26XX_calibrateRCOSC.oem3 (.text:updateSubSecInc)
                  00003b7c    0000005c     driverlib.lib : osc.obj (.text:NOROM_OSCHF_AttemptToSwitchToXosc)
                  00003bd8    0000005c                   : sys_ctrl.obj (.text:NOROM_SysCtrlAdjustRechargeAfterPowerDown)
                  00003c34    0000005c     drivers_cc26xxware.aem3 : PINCC26XX.oem3 (.text:PIN_remove)
                  00003c90    0000005c     empty_pem3.oem3 (.text:xdc_runtime_Startup_getState__I)
                  00003cec    0000005b     rom_sysbios.aem3 : rom_sysbios.obj (.text:xdc_runtime_Text_putLab__E)
                  00003d47    00000001     --HOLE-- [fill = 0]
                  00003d48    00000058     drivers_cc26xxware.aem3 : I2CCC26XX.oem3 (.text:I2CCC26XX_swiFxn)
                  00003da0    00000058                             : PowerCC26XX_calibrateRCOSC.oem3 (.text:PowerCC26XX_initiateCalibration)
                  00003df8    00000054                             : PowerCC26XX.oem3 (.text:configureXOSCHF)
                  00003e4c    00000050     driverlib.lib : setup_rom.obj (.text:NOROM_SetupSetCacheModeAccordingToCcfgSetting)
                  00003e9c    0000004c                   : osc.obj (.text:NOROM_OSCClockSourceSet)
                  00003ee8    0000004c     rtsv7M3_T_le_eabi.lib : cpy_tbl.obj (.text)
                  00003f34    0000004c     drivers_cc26xxware.aem3 : UARTCC26XX.oem3 (.text:startTxFifoEmptyClk)
                  00003f80    00000048                             : I2CCC26XX.oem3 (.text:I2CCC26XX_initHw)
                  00003fc8    00000048     driverlib.lib : chipinfo.obj (.text:NOROM_ChipInfo_GetChipFamily)
                  00004010    00000048                   : ddi.obj (.text:NOROM_DDI16BitfieldWrite)
                  00004058    00000048     drivers_cc26xxware.aem3 : PINCC26XX.oem3 (.text:PIN_setOutputEnable)
                  000040a0    00000048                             : PINCC26XX.oem3 (.text:PIN_swi)
                  000040e8    00000048                             : PowerCC26XX.oem3 (.text:notify)
                  00004130    00000046                             : RingBuf.oem3 (.text:RingBuf_put)
                  00004176    00000002     rom_sysbios.aem3 : rom_sysbios.obj (.text:ti_sysbios_knl_Clock_triggerFunc__I)
                  00004178    00000044     boot.aem3 : boot.oem3 (.text)
                  000041bc    00000044     rom_sysbios.aem3 : rom_sysbios.obj (.text:xdc_runtime_SysMin_flush__E)
                  00004200    00000044                      : rom_sysbios.obj (.text:xdc_runtime_Text_xprintf__I)
                  00004244    00000040     driverlib.lib : ddi.obj (.text:NOROM_DDI16BitfieldRead)
                  00004284    00000040     drivers_cc26xxware.aem3 : RingBuf.oem3 (.text:RingBuf_get)
                  000042c4    00000040     rtsv7M3_T_le_eabi.lib : u_divt2.obj (.text)
                  00004304    0000003c     driverlib.lib : osc.obj (.text:NOROM_OSC_HPOSCRelativeFrequencyOffsetGet)
                  00004340    0000003c     drivers_cc26xxware.aem3 : PINCC26XX.oem3 (.text:PIN_setOutputValue)
                  0000437c    0000003c                             : UARTCC26XX.oem3 (.text:UARTCC26XX_swiIntFxn)
                  000043b8    00000038                             : I2C.oem3 (.text:I2C_init)
                  000043f0    00000038                             : UART.oem3 (.text:UART_init)
                  00004428    00000038                             : UARTCC26XX.oem3 (.text:readData)
                  00004460    00000038     rom_sysbios.aem3 : rom_sysbios.obj (.text:ti_sysbios_family_arm_cc26xx_Timer_getCurrentTick__E)
                  00004498    00000038     drivers_cc26xxware.aem3 : UARTCC26XX.oem3 (.text:writeData)
                  000044d0    00000038     rom_sysbios.aem3 : rom_sysbios.obj (.text:xdc_runtime_SysMin_putch__E)
                  00004508    00000034     driverlib.lib : osc.obj (.text:NOROM_OSCHF_SwitchToRcOscTurnOffXosc)
                  0000453c    00000034     drivers_cc26xxware.aem3 : PINCC26XX.oem3 (.text:PIN_setConfig)
                  00004570    00000034                             : UARTCC26XX.oem3 (.text:readData2RingBuf)
                  000045a4    00000034     rom_sysbios.aem3 : rom_sysbios.obj (.text:ti_sysbios_family_arm_cc26xx_Timer_initDevice__I)
                  000045d8    00000032                      : rom_sysbios.obj (.text:ti_sysbios_family_arm_cc26xx_Timer_setNextTick__E)
                  0000460a    00000002     empty_pem3.oem3 (.text:ti_sysbios_rom_cortexm_cc26xx_CC26xx_badRomRevision__E)
                  0000460c    00000030     drivers_cc26xxware.aem3 : I2C.oem3 (.text:I2C_open)
                  0000463c    00000030     driverlib.lib : setup_rom.obj (.text:NOROM_SetupSetAonRtcSubSecInc)
                  0000466c    00000030     drivers_cc26xxware.aem3 : PowerCC26XX.oem3 (.text:Power_releaseConstraint)
                  0000469c    00000030                             : PowerCC26XX.oem3 (.text:Power_setConstraint)
                  000046cc    00000030                             : UART.oem3 (.text:UART_open)
                  000046fc    00000030     empty_pem3.oem3 (.text:ti_sysbios_BIOS_atExitFunc__I)
                  0000472c    00000030     empty_pem3.oem3 (.text:ti_sysbios_BIOS_startFunc__I)
                  0000475c    00000030     rom_sysbios.aem3 : rom_sysbios.obj (.text:ti_sysbios_family_arm_cc26xx_Timer_setThreshold__I)
                  0000478c    00000030                      : rom_sysbios.obj (.text:xdc_runtime_SysMin_abort__E)
                  000047bc    0000002f                      : rom_sysbios.obj (.text:xdc_runtime_Text_printVisFxn__I)
                  000047eb    00000001     --HOLE-- [fill = 0]
                  000047ec    0000002c     driverlib.lib : ddi.obj (.text:NOROM_DDI32RegWrite)
                  00004818    0000002c                   : setup_rom.obj (.text:NOROM_SetupGetTrimForRadcExtCfg)
                  00004844    0000002c     drivers_cc26xxware.aem3 : PINCC26XX.oem3 (.text:PINCC26XX_setMux)
                  00004870    0000002c     rom_sysbios.aem3 : rom_sysbios.obj (.text:ti_sysbios_knl_Clock_getTicksUntilInterrupt__E)
                  0000489c    0000002a                      : rom_sysbios.obj (.text:xdc_runtime_System_putchar__I)
                  000048c6    00000002                      : rom_sysbios.obj (.text:xdc_runtime_SysCallback_defaultAbort)
                  000048c8    00000028     driverlib.lib : aon_batmon.obj (.text:NOROM_AONBatMonTemperatureGetDegC)
                  000048f0    00000028     drivers_cc26xxware.aem3 : PowerCC26XX.oem3 (.text:Power_registerNotify)
                  00004918    00000028     driverlib.lib : adi.obj (.text:SafeHapiVoid)
                  00004940    00000026     drivers_cc26xxware.aem3 : List.oem3 (.text:List_put)
                  00004966    00000002     rom_sysbios.aem3 : rom_sysbios.obj (.text:xdc_runtime_SysCallback_defaultExit)
                  00004968    00000024     drivers_cc26xxware.aem3 : PINCC26XX.oem3 (.text:PINCC26XX_getPinCount)
                  0000498c    00000024                             : PowerCC26XX_calibrateRCOSC.oem3 (.text:getTdcSemaphore)
                  000049b0    00000024     empty_pem3.oem3 (.text:ti_sysbios_BIOS_registerRTSLock__I)
                  000049d4    00000024     empty_pem3.oem3 (.text:ti_sysbios_BIOS_removeRTSLock__I)
                  000049f8    00000024     rom_sysbios.aem3 : rom_sysbios.obj (.text:ti_sysbios_family_arm_cc26xx_Timer_getMaxTicks__E)
                  00004a1c    00000024                      : rom_sysbios.obj (.text:xdc_runtime_System_vprintf__E)
                  00004a40    00000022     empty_pem3.oem3 (.text:xdc_runtime_SysMin_output__I)
                  00004a62    00000002     --HOLE-- [fill = 0]
                  00004a64    00000020     driverlib.lib : setup_rom.obj (.text:NOROM_SetupGetTrimForXoscHfCtl)
                  00004a84    00000020     drivers_cc26xxware.aem3 : PowerCC26XX.oem3 (.text:Power_unregisterNotify)
                  00004aa4    00000020     empty_pem3.oem3 (.text:ti_sysbios_BIOS_rtsLock__I)
                  00004ac4    00000020     rom_sysbios.aem3 : rom_sysbios.obj (.text:ti_sysbios_family_arm_cc26xx_Timer_dynamicStub__E)
                  00004ae4    00000020                      : rom_sysbios.obj (.text:ti_sysbios_knl_Clock_stop__E)
                  00004b04    00000020                      : rom_sysbios.obj (.text:xdc_runtime_Registry_findById__E)
                  00004b24    00000020                      : rom_sysbios.obj (.text:xdc_runtime_SysMin_Module_startup__E)
                  00004b44    0000001e     drivers_cc26xxware.aem3 : PINCC26XX.oem3 (.text:PIN_close)
                  00004b62    0000001e                             : PowerCC26XX.oem3 (.text:Power_getTransitionLatency)
                  00004b80    0000001c     driverlib.lib : osc.obj (.text:NOROM_OSCClockSourceGet)
                  00004b9c    0000001c                   : setup_rom.obj (.text:NOROM_SetupGetTrimForAmpcompTh2)
                  00004bb8    0000001c                   : setup_rom.obj (.text:NOROM_SetupGetTrimForRcOscLfRtuneCtuneTrim)
                  00004bd4    0000001c     drivers_cc26xxware.aem3 : PINCC26XX.oem3 (.text:PINCC26XX_setIoCfgMux)
                  00004bf0    0000001c                             : PINCC26XX.oem3 (.text:PIN_hwi)
                  00004c0c    0000001c     rom_sysbios.aem3 : rom_sysbios.obj (.text:xdc_runtime_SysMin_exit__E)
                  00004c28    0000001a     drivers_cc26xxware.aem3 : List.oem3 (.text:List_remove)
                  00004c42    0000001a     rom_sysbios.aem3 : rom_sysbios_config.obj (.text:xdc_runtime_System_printf__E)
                  00004c5c    00000018     driverlib.lib : aon_rtc.obj (.text:NOROM_AONRTCCurrentCompareValueGet)
                  00004c74    00000018                   : chipinfo.obj (.text:NOROM_ChipInfo_GetPackageType)
                  00004c8c    00000018                   : osc.obj (.text:NOROM_OSCHF_TurnOnXosc)
                  00004ca4    00000018                   : setup_rom.obj (.text:NOROM_SetupGetTrimForAdcShModeEn)
                  00004cbc    00000018                   : setup_rom.obj (.text:NOROM_SetupGetTrimForAdcShVbufEn)
                  00004cd4    00000018                   : setup_rom.obj (.text:NOROM_SetupGetTrimForAmpcompTh1)
                  00004cec    00000018                   : setup_rom.obj (.text:NOROM_SetupGetTrimForDblrLoopFilterResetVoltage)
                  00004d04    00000018                   : setup_rom.obj (.text:NOROM_SetupGetTrimForRcOscLfIBiasTrim)
                  00004d1c    00000018                   : setup_rom.obj (.text:NOROM_SetupGetTrimForXoscLfRegulatorAndCmirrwrRatio)
                  00004d34    00000018     drivers_cc26xxware.aem3 : PowerCC26XX.oem3 (.text:Power_idleFunc)
                  00004d4c    00000018                             : UARTCC26XX.oem3 (.text:UARTCC26XX_init)
                  00004d64    00000018                             : UART.oem3 (.text:UART_Params_init)
                  00004d7c    00000018                             : PowerCC26XX.oem3 (.text:configureRFCoreClocks)
                  00004d94    00000018     rtsv7M3_T_le_eabi.lib : args_main.obj (.text)
                  00004dac    00000018                           : ll_mul_t2.obj (.text)
                  00004dc4    00000018     empty_pem3.oem3 (.text:ti_sysbios_BIOS_rtsUnlock__I)
                  00004ddc    00000018     rom_sysbios.aem3 : rom_sysbios.obj (.text:ti_sysbios_knl_Swi_or__E)
                  00004df4    00000018     empty_pem3.oem3 (.text:ti_sysbios_rom_cortexm_cc26xx_CC26xx_checkRevision__E)
                  00004e0c    00000016     rtsv7M3_T_le_eabi.lib : strcpy.obj (.text)
                  00004e22    00000016     empty_pem3.oem3 (.text:ti_sysbios_BIOS_exitFunc__I)
                  00004e38    00000016     empty.obj (.text:ti_sysbios_knl_Task_Params_init)
                  00004e4e    00000002     --HOLE-- [fill = 0]
                  00004e50    00000014     driverlib.lib : aon_rtc.obj (.text:NOROM_AONRTCCurrent64BitValueGet)
                  00004e64    00000014                   : chipinfo.obj (.text:NOROM_ThisCodeIsBuiltForCC26xxHwRev22AndLater_HaltIfViolated)
                  00004e78    00000014     drivers_cc26xxware.aem3 : PINCC26XX.oem3 (.text:PINCC26XX_getOutputValue)
                  00004e8c    00000014     rtsv7M3_T_le_eabi.lib : _lock.obj (.text)
                  00004ea0    00000014                           : strlen.obj (.text)
                  00004eb4    00000014     empty_pem3.oem3 (.text:ti_sysbios_knl_Clock_doTick__I)
                  00004ec8    00000012     drivers_cc26xxware.aem3 : RingBuf.oem3 (.text:RingBuf_construct)
                  00004eda    00000012     empty_pem3.oem3 (.text:xdc_runtime_Startup_exec__I)
                  00004eec    00000010     drivers_cc26xxware.aem3 : I2C.oem3 (.text:I2C_Params_init)
                  00004efc    00000010     driverlib.lib : setup_rom.obj (.text:NOROM_SetupGetTrimForXoscHfFastStart)
                  00004f0c    00000010                   : setup_rom.obj (.text:NOROM_SetupGetTrimForXoscHfIbiastherm)
                  00004f1c    00000010     drivers_cc26xxware.aem3 : I2CCC26XX.oem3 (.text:i2cPostNotify)
                  00004f2c    00000010                             : UARTCC26XX.oem3 (.text:uartPostNotify)
                  00004f3c    00000010     rom_sysbios.aem3 : rom_sysbios.obj (.text:xdc_runtime_SysMin_ready__E)
                  00004f4c    00000010                      : rom_sysbios.obj (.text:xdc_runtime_System_vsnprintf__E)
                  00004f5c    0000000e     driverlib.lib : vims.obj (.text:NOROM_VIMSModeGet)
                  00004f6a    0000000e     rtsv7M3_T_le_eabi.lib : copy_decompress_none.obj (.text:decompress:none)
                  00004f78    0000000e     rom_sysbios.aem3 : rom_sysbios.obj (.text:ti_sysbios_family_arm_cc26xx_TimestampProvider_get32__E)
                  00004f86    0000000c     driverlib.lib : cpu.obj (.text:NOROM_CPUcpsid)
                  00004f92    0000000c                   : cpu.obj (.text:NOROM_CPUcpsie)
                  00004f9e    00000002     --HOLE-- [fill = 0]
                  00004fa0    0000000c     drivers_cc26xxware.aem3 : PowerCC26XX.oem3 (.text:Power_getConstraintMask)
                  00004fac    0000000c                             : PowerCC26XX.oem3 (.text:Power_getDependencyCount)
                  00004fb8    0000000c     rtsv7M3_T_le_eabi.lib : copy_zero_init.obj (.text:decompress:ZI)
                  00004fc4    0000000c     rom_sysbios.aem3 : rom_sysbios.obj (.text:ti_sysbios_knl_Swi_getTrigger__E)
                  00004fd0    0000000c     empty_pem3.oem3 (.text:xdc_runtime_Startup_reset__I)
                  00004fdc    0000000c     rom_sysbios.aem3 : rom_sysbios.obj (.text:xdc_runtime_Startup_rtsDone__E)
                  00004fe8    0000000a     drivers_cc26xxware.aem3 : I2CCC26XX.oem3 (.text:I2CCC26XX_init)
                  00004ff2    0000000a                             : I2C.oem3 (.text:I2C_transfer)
                  00004ffc    0000000a                             : List.oem3 (.text:List_empty)
                  00005006    0000000a                             : UART.oem3 (.text:UART_write)
                  00005010    00000008                             : I2CCC26XX.oem3 (.text:I2CCC26XX_blockingCallback)
                  00005018    00000008                             : UARTCC26XX.oem3 (.text:readSemCallback)
                  00005020    00000008                             : UARTCC26XX.oem3 (.text:writeSemCallback)
                  00005028    00000008     empty_pem3.oem3 (.text:xdc_runtime_Text_visitRope__I)
                  00005030    00000006     drivers_cc26xxware.aem3 : I2CCC26XX.oem3 (.text:I2CCC26XX_control)
                  00005036    00000006     driverlib.lib : cpu.obj (.text:NOROM_CPUdelay)
                  0000503c    00000006     drivers_cc26xxware.aem3 : UARTCC26XX.oem3 (.text:UARTCC26XX_readPolling)
                  00005042    00000006                             : UARTCC26XX.oem3 (.text:UARTCC26XX_writePolling)
                  00005048    00000004     tirtosport.aem3 : HwiP_tirtos.oem3 (.text:HwiP_disable)
                  0000504c    00000004     drivers_cc26xxware.aem3 : List.oem3 (.text:List_head)
                  00005050    00000004                             : List.oem3 (.text:List_next)
                  00005054    00000004                             : PowerCC26XX.oem3 (.text:nopResourceHandler)
                  00005058    00000004     rom_sysbios.aem3 : rom_sysbios.obj (.text:ti_sysbios_family_arm_cc26xx_Timer_getCount64__E)
                  0000505c    00000004                      : rom_sysbios.obj (.text:xdc_runtime_System_printf_va__F)
                  00005060    00000008     (.tramp.xdc_runtime_Startup_startMods__I.1)
                  00005068    00000008     (.tramp.ti_sysbios_knl_Clock_logTick__E.1)
                  00005070    00000008     (.tramp.ti_sysbios_knl_Task_Params__init__S.1)
                  00005078    00000008     (.tramp.ti_sysbios_BIOS_RtsGateProxy_leave__E.1)
                  00005080    00000008     (.tramp.ti_sysbios_BIOS_RtsGateProxy_enter__E.1)
                  00005088    00000008     (.tramp.ti_sysbios_knl_Task_startup__E.1)
                  00005090    00000008     (.tramp.ti_sysbios_knl_Swi_startup__E.1)
                  00005098    00000008     (.tramp.ti_sysbios_hal_Hwi_startup__E.1)
                  000050a0    00000008     (.tramp.ti_sysbios_family_arm_cc26xx_Timer_startup__E.1)
                  000050a8    00000008     (.tramp.xdc_runtime_System_atexit__E.1)
                  000050b0    00000008     (.tramp.ti_sysbios_BIOS_setThreadType__E.1)
                  000050b8    00000008     (.tramp.xdc_runtime_Gate_leaveSystem__E.1)
                  000050c0    00000008     (.tramp.xdc_runtime_Gate_enterSystem__E.1)
                  000050c8    00000008     (.tramp.xdc_runtime_System_exit__E.1)
                  000050d0    00000008     (.tramp.ti_sysbios_knl_Clock_destruct.1)
                  000050d8    00000008     (.tramp.ti_sysbios_knl_Semaphore_destruct.1)
                  000050e0    00000008     (.tramp.ti_sysbios_knl_Swi_destruct.1)
                  000050e8    00000008     (.tramp.ti_sysbios_family_arm_m3_Hwi_destruct.1)
                  000050f0    00000008     (.tramp.ti_sysbios_knl_Clock_scheduleNextTick__E.1)
                  000050f8    00000008     (.tramp.ti_sysbios_knl_Clock_walkQueueDynamic__E.1)
                  00005100    00000008     (.tramp.ti_sysbios_knl_Clock_TimerProxy_getCurrentTick__E.1)
                  00005108    00000008     (.tramp.ti_sysbios_knl_Semaphore_post__E.1)
                  00005110    00000008     (.tramp.ti_sysbios_family_arm_m3_Hwi_enableInterrupt__E.1)
                  00005118    00000008     (.tramp.ti_sysbios_family_arm_m3_Hwi_disableInterrupt__E.1)
                  00005120    00000008     (.tramp.ti_sysbios_BIOS_getCpuFreq__E.1)
                  00005128    00000008     (.tramp.ti_sysbios_knl_Task_sleep__E.1)
                  00005130    00000008     (.tramp.ti_sysbios_knl_Swi_post__E.1)
                  00005138    00000008     (.tramp.ti_sysbios_knl_Semaphore_pend__E.1)
                  00005140    00000008     (.tramp.ti_sysbios_knl_Clock_setTimeout__E.1)
                  00005148    00000008     (.tramp.ti_sysbios_knl_Clock_start__E.1)
                  00005150    00000008     (.tramp.xdc_runtime_System_abortSpin__E.1)
                  00005158    00000008     (.tramp.ti_sysbios_BIOS_start__E.1)
                  00005160    00000008     (.tramp.ti_sysbios_knl_Task_construct.1)
                  00005168    00000008     (.tramp.xdc_runtime_System_abort__E.1)
                  00005170    00000008     (.tramp.ti_sysbios_knl_Clock_construct.1)
                  00005178    00000008     (.tramp.ti_sysbios_knl_Clock_Params__init__S.1)
                  00005180    00000008     (.tramp.ti_sysbios_family_arm_m3_Hwi_restoreFxn__E.1)
                  00005188    00000008     (.tramp.ti_sysbios_family_arm_m3_Hwi_disableFxn__E.1)
                  00005190    00000008     (.tramp.ti_sysbios_knl_Swi_construct.1)
                  00005198    00000008     (.tramp.ti_sysbios_knl_Swi_Params__init__S.1)
                  000051a0    00000008     (.tramp.ti_sysbios_family_arm_m3_Hwi_construct.1)
                  000051a8    00000008     (.tramp.ti_sysbios_family_arm_m3_Hwi_Params__init__S.1)
                  000051b0    00000008     (.tramp.ti_sysbios_knl_Semaphore_construct.1)
                  000051b8    00000008     (.tramp.ti_sysbios_knl_Semaphore_Params__init__S.1)
                  000051c0    00000008     (.tramp.ti_sysbios_knl_Task_restore__E.1)
                  000051c8    00000008     (.tramp.ti_sysbios_knl_Swi_restore__E.1)
                  000051d0    00000008     (.tramp.ti_sysbios_knl_Swi_disable__E.1)
                  000051d8    00000008     (.tramp.ti_sysbios_knl_Task_disable__E.1)

.const     0    000051e0    0000027e     
                  000051e0    0000004c     drivers_cc26xxware.aem3 : PowerCC26XX.oem3 (.const:resourceDB)
                  0000522c    00000048     empty_pem3.oem3 (.const:.string)
                  00005274    00000040     drivers_cc26xxware.aem3 : UARTCC26XX.oem3 (.const)
                  000052b4    0000002c     CC2650_LAUNCHXL.obj (.const:BoardGpioInitTable)
                  000052e0    00000028     drivers_cc26xxware.aem3 : UARTCC26XX.oem3 (.const:UARTCC26XX_fxnTable)
                  00005308    00000028     empty_pem3.oem3 (.const:xdc_runtime_Startup_sfxnTab__A)
                  00005330    00000024     drivers_cc26xxware.aem3 : UART.oem3 (.const:UART_defaultParams)
                  00005354    00000020                             : I2CCC26XX.oem3 (.const)
                  00005374    00000020     CC2650_LAUNCHXL.obj (.const:uartCC26XXHWAttrs)
                  00005394    00000018     CC2650_LAUNCHXL.obj (.const:I2C_config)
                  000053ac    00000018     CC2650_LAUNCHXL.obj (.const:UART_config)
                  000053c4    00000018     CC2650_LAUNCHXL.obj (.const:i2cCC26xxHWAttrs)
                  000053dc    00000017     empty.obj (.const:.string:$P$T0$1)
                  000053f3    00000001     empty_pem3.oem3 (.const:xdc_runtime_Text_charTab__A)
                  000053f4    00000014     empty_pem3.oem3 (.const:xdc_runtime_Startup_sfxnRts__A)
                  00005408    00000010     CC2650_LAUNCHXL.obj (.const:PowerCC26XX_config)
                  00005418    00000010     drivers_cc26xxware.aem3 : I2C.oem3 (.const)
                  00005428    0000000c     empty_pem3.oem3 (.const:xdc_runtime_Startup_firstFxns__A)
                  00005434    00000008     CC2650_LAUNCHXL.obj (.const:PINCC26XX_hwAttrs)
                  0000543c    00000004     empty_pem3.oem3 (.const:ti_sysbios_knl_Clock_tickPeriod__C)
                  00005440    00000004     empty_pem3.oem3 (.const:ti_sysbios_knl_Clock_triggerClock__C)
                  00005444    00000004     empty_pem3.oem3 (.const:ti_sysbios_knl_Idle_funcList__A)
                  00005448    00000004     empty_pem3.oem3 (.const:xdc_runtime_SysMin_bufSize__C)
                  0000544c    00000004     empty_pem3.oem3 (.const:xdc_runtime_SysMin_outputFunc__C)
                  00005450    00000004     empty_pem3.oem3 (.const:xdc_runtime_System_extendFxn__C)
                  00005454    00000004     empty_pem3.oem3 (.const:xdc_runtime_Text_visitRopeFxn__C)
                  00005458    00000002     empty_pem3.oem3 (.const:xdc_runtime_SysMin_flushAtExit__C)
                  0000545a    00000002     empty_pem3.oem3 (.const:xdc_runtime_Text_registryModsLastId__C)
                  0000545c    00000002     empty_pem3.oem3 (.const:xdc_runtime_Text_unnamedModsLastId__C)

.cinit     0    00005460    00000250     
                  00005460    00000115     (.cinit..data.load) [load image, compression = lzss]
                  00005575    00000028     (.cinit..data:ti_sysbios_family_arm_m3_Hwi_Module__state__V.load) [load image, compression = lzss]
                  0000559d    00000021     (.cinit..data:ti_sysbios_knl_Task_Module__state__V.load) [load image, compression = lzss]
                  000055be    0000001f     (.cinit..data:ti_sysbios_BIOS_Module__state__V.load) [load image, compression = lzss]
                  000055dd    0000001d     (.cinit..data:ti_sysbios_knl_Clock_Module__state__V.load) [load image, compression = lzss]
                  000055fa    00000010     (.cinit..data:ti_sysbios_knl_Swi_Module__state__V.load) [load image, compression = lzss]
                  0000560a    00000002     --HOLE-- [fill = 0]
                  0000560c    0000000c     (__TI_handler_table)
                  00005618    0000000b     (.cinit..data:ti_sysbios_family_arm_cc26xx_Timer_Module__state__V.load) [load image, compression = lzss]
                  00005623    0000000b     (.cinit..data:xdc_runtime_System_Module__state__V.load) [load image, compression = lzss]
                  0000562e    00000002     --HOLE-- [fill = 0]
                  00005630    00000008     (.cinit..bss.load) [load image, compression = zero_init]
                  00005638    00000008     (.cinit..data:xdc_runtime_Memory_Module__state__V.load) [load image, compression = lzss]
                  00005640    00000007     (.cinit..data:ti_sysbios_family_arm_cc26xx_TimestampProvider_Module__state__V.load) [load image, compression = lzss]
                  00005647    00000007     (.cinit..data:xdc_runtime_Startup_Module__state__V.load) [load image, compression = lzss]
                  0000564e    00000002     --HOLE-- [fill = 0]
                  00005650    00000060     (__TI_cinit_table)

.init_array 
*          0    00000000    00000000     UNINITIALIZED

.ccfg      0    0001ffa8    00000058     
                  0001ffa8    00000058     ccfg.obj (.ccfg:retain)

.resetVecs 
*          0    00000000    0000003c     
                  00000000    0000003c     empty_pem3.oem3 (.resetVecs)

.binit     0    00000000    00000000     

.const:ti_sysbios_knl_Task_Object__PARAMS__C 
*          0    00000100    0000003c     
                  00000100    0000003c     empty_pem3.oem3 (.const:ti_sysbios_knl_Task_Object__PARAMS__C)

.const:ti_sysbios_knl_Mailbox_Object__PARAMS__C 
*          0    0000013c    00000034     
                  0000013c    00000034     empty_pem3.oem3 (.const:ti_sysbios_knl_Mailbox_Object__PARAMS__C)

.const:ti_sysbios_family_arm_m3_Hwi_Object__PARAMS__C 
*          0    00000170    00000030     
                  00000170    00000030     empty_pem3.oem3 (.const:ti_sysbios_family_arm_m3_Hwi_Object__PARAMS__C)

.const:ti_sysbios_hal_Hwi_Object__PARAMS__C 
*          0    000001a0    0000002c     
                  000001a0    0000002c     empty_pem3.oem3 (.const:ti_sysbios_hal_Hwi_Object__PARAMS__C)

.const:ti_sysbios_heaps_HeapMem_Module__FXNS__C 
*          0    000001cc    00000028     
                  000001cc    00000028     empty_pem3.oem3 (.const:ti_sysbios_heaps_HeapMem_Module__FXNS__C)

.const:ti_sysbios_knl_Swi_Object__PARAMS__C 
*          0    000001f4    00000028     
                  000001f4    00000028     empty_pem3.oem3 (.const:ti_sysbios_knl_Swi_Object__PARAMS__C)

.const:ti_sysbios_gates_GateHwi_Module__FXNS__C 
*          0    0000021c    00000024     
                  0000021c    00000024     empty_pem3.oem3 (.const:ti_sysbios_gates_GateHwi_Module__FXNS__C)

.const:ti_sysbios_gates_GateMutex_Module__FXNS__C 
*          0    00000240    00000024     
                  00000240    00000024     empty_pem3.oem3 (.const:ti_sysbios_gates_GateMutex_Module__FXNS__C)

.const:ti_sysbios_heaps_HeapMem_Object__PARAMS__C 
*          0    00000264    00000024     
                  00000264    00000024     empty_pem3.oem3 (.const:ti_sysbios_heaps_HeapMem_Object__PARAMS__C)

.const:ti_sysbios_knl_Clock_Object__PARAMS__C 
*          0    00000288    00000024     
                  00000288    00000024     empty_pem3.oem3 (.const:ti_sysbios_knl_Clock_Object__PARAMS__C)

.const:ti_sysbios_knl_Semaphore_Object__PARAMS__C 
*          0    000002ac    00000024     
                  000002ac    00000024     empty_pem3.oem3 (.const:ti_sysbios_knl_Semaphore_Object__PARAMS__C)

.const:ti_sysbios_family_arm_m3_Hwi_Object__DESC__C 
*          0    000002d0    00000020     
                  000002d0    00000020     empty_pem3.oem3 (.const:ti_sysbios_family_arm_m3_Hwi_Object__DESC__C)

.const:ti_sysbios_gates_GateHwi_Object__DESC__C 
*          0    000002f0    00000020     
                  000002f0    00000020     empty_pem3.oem3 (.const:ti_sysbios_gates_GateHwi_Object__DESC__C)

.const:ti_sysbios_gates_GateMutex_Object__DESC__C 
*          0    00000310    00000020     
                  00000310    00000020     empty_pem3.oem3 (.const:ti_sysbios_gates_GateMutex_Object__DESC__C)

.const:ti_sysbios_hal_Hwi_Object__DESC__C 
*          0    00000330    00000020     
                  00000330    00000020     empty_pem3.oem3 (.const:ti_sysbios_hal_Hwi_Object__DESC__C)

.const:ti_sysbios_heaps_HeapMem_Object__DESC__C 
*          0    00000350    00000020     
                  00000350    00000020     empty_pem3.oem3 (.const:ti_sysbios_heaps_HeapMem_Object__DESC__C)

.const:ti_sysbios_knl_Clock_Object__DESC__C 
*          0    00000370    00000020     
                  00000370    00000020     empty_pem3.oem3 (.const:ti_sysbios_knl_Clock_Object__DESC__C)

.const:ti_sysbios_knl_Mailbox_Object__DESC__C 
*          0    00000390    00000020     
                  00000390    00000020     empty_pem3.oem3 (.const:ti_sysbios_knl_Mailbox_Object__DESC__C)

.const:ti_sysbios_knl_Queue_Object__DESC__C 
*          0    000003b0    00000020     
                  000003b0    00000020     empty_pem3.oem3 (.const:ti_sysbios_knl_Queue_Object__DESC__C)

.const:ti_sysbios_knl_Semaphore_Object__DESC__C 
*          0    000003d0    00000020     
                  000003d0    00000020     empty_pem3.oem3 (.const:ti_sysbios_knl_Semaphore_Object__DESC__C)

.const:ti_sysbios_knl_Swi_Object__DESC__C 
*          0    000003f0    00000020     
                  000003f0    00000020     empty_pem3.oem3 (.const:ti_sysbios_knl_Swi_Object__DESC__C)

.const:ti_sysbios_knl_Task_Object__DESC__C 
*          0    00000410    00000020     
                  00000410    00000020     empty_pem3.oem3 (.const:ti_sysbios_knl_Task_Object__DESC__C)

.const:ti_sysbios_gates_GateHwi_Object__PARAMS__C 
*          0    00000430    00000018     
                  00000430    00000018     empty_pem3.oem3 (.const:ti_sysbios_gates_GateHwi_Object__PARAMS__C)

.const:ti_sysbios_gates_GateMutex_Object__PARAMS__C 
*          0    00000448    00000018     
                  00000448    00000018     empty_pem3.oem3 (.const:ti_sysbios_gates_GateMutex_Object__PARAMS__C)

.const:ti_sysbios_knl_Queue_Object__PARAMS__C 
*          0    00000460    00000018     
                  00000460    00000018     empty_pem3.oem3 (.const:ti_sysbios_knl_Queue_Object__PARAMS__C)

.const:ti_sysbios_knl_Idle_funcList__C 
*          0    00000478    00000008     
                  00000478    00000008     empty_pem3.oem3 (.const:ti_sysbios_knl_Idle_funcList__C)

.const:ti_sysbios_family_arm_cc26xx_Timer_startupNeeded__C 
*          0    00000484    00000004     
                  00000484    00000004     empty_pem3.oem3 (.const:ti_sysbios_family_arm_cc26xx_Timer_startupNeeded__C)

.const:ti_sysbios_family_arm_m3_Hwi_E_alreadyDefined__C 
*          0    00000488    00000004     
                  00000488    00000004     empty_pem3.oem3 (.const:ti_sysbios_family_arm_m3_Hwi_E_alreadyDefined__C)

.const:ti_sysbios_family_arm_m3_Hwi_E_hwiLimitExceeded__C 
*          0    0000048c    00000004     
                  0000048c    00000004     empty_pem3.oem3 (.const:ti_sysbios_family_arm_m3_Hwi_E_hwiLimitExceeded__C)

.const:ti_sysbios_family_arm_m3_Hwi_NUM_INTERRUPTS__C 
*          0    00000490    00000004     
                  00000490    00000004     empty_pem3.oem3 (.const:ti_sysbios_family_arm_m3_Hwi_NUM_INTERRUPTS__C)

.const:ti_sysbios_family_arm_m3_Hwi_Object__count__C 
*          0    00000494    00000004     
                  00000494    00000004     empty_pem3.oem3 (.const:ti_sysbios_family_arm_m3_Hwi_Object__count__C)

.const:ti_sysbios_family_arm_m3_Hwi_Object__table__C 
*          0    00000498    00000004     
                  00000498    00000004     empty_pem3.oem3 (.const:ti_sysbios_family_arm_m3_Hwi_Object__table__C)

.const:ti_sysbios_family_arm_m3_Hwi_ccr__C 
*          0    0000049c    00000004     
                  0000049c    00000004     empty_pem3.oem3 (.const:ti_sysbios_family_arm_m3_Hwi_ccr__C)

.const:ti_sysbios_family_arm_m3_Hwi_excHandlerFunc__C 
*          0    000004a0    00000004     
                  000004a0    00000004     empty_pem3.oem3 (.const:ti_sysbios_family_arm_m3_Hwi_excHandlerFunc__C)

.const:ti_sysbios_family_arm_m3_Hwi_nullIsrFunc__C 
*          0    000004a4    00000004     
                  000004a4    00000004     empty_pem3.oem3 (.const:ti_sysbios_family_arm_m3_Hwi_nullIsrFunc__C)

.const:ti_sysbios_family_arm_m3_Hwi_numSparseInterrupts__C 
*          0    000004a8    00000004     
                  000004a8    00000004     empty_pem3.oem3 (.const:ti_sysbios_family_arm_m3_Hwi_numSparseInterrupts__C)

.const:ti_sysbios_family_arm_m3_Hwi_priGroup__C 
*          0    000004ac    00000004     
                  000004ac    00000004     empty_pem3.oem3 (.const:ti_sysbios_family_arm_m3_Hwi_priGroup__C)

.const:ti_sysbios_family_arm_m3_TaskSupport_stackAlignment__C 
*          0    000004b0    00000004     
                  000004b0    00000004     empty_pem3.oem3 (.const:ti_sysbios_family_arm_m3_TaskSupport_stackAlignment__C)

.const:ti_sysbios_heaps_HeapMem_E_memory__C 
*          0    000004b4    00000004     
                  000004b4    00000004     empty_pem3.oem3 (.const:ti_sysbios_heaps_HeapMem_E_memory__C)

.const:ti_sysbios_heaps_HeapMem_Module__gateObj__C 
*          0    000004b8    00000004     
                  000004b8    00000004     empty_pem3.oem3 (.const:ti_sysbios_heaps_HeapMem_Module__gateObj__C)

.const:ti_sysbios_heaps_HeapMem_Object__count__C 
*          0    000004bc    00000004     
                  000004bc    00000004     empty_pem3.oem3 (.const:ti_sysbios_heaps_HeapMem_Object__count__C)

.const:ti_sysbios_heaps_HeapMem_Object__table__C 
*          0    000004c0    00000004     
                  000004c0    00000004     empty_pem3.oem3 (.const:ti_sysbios_heaps_HeapMem_Object__table__C)

.const:ti_sysbios_heaps_HeapMem_reqAlign__C 
*          0    000004c4    00000004     
                  000004c4    00000004     empty_pem3.oem3 (.const:ti_sysbios_heaps_HeapMem_reqAlign__C)

.const:ti_sysbios_knl_Clock_serviceMargin__C 
*          0    000004c8    00000004     
                  000004c8    00000004     empty_pem3.oem3 (.const:ti_sysbios_knl_Clock_serviceMargin__C)

.const:ti_sysbios_knl_Mailbox_Object__count__C 
*          0    000004cc    00000004     
                  000004cc    00000004     empty_pem3.oem3 (.const:ti_sysbios_knl_Mailbox_Object__count__C)

.const:ti_sysbios_knl_Mailbox_Object__table__C 
*          0    000004d0    00000004     
                  000004d0    00000004     empty_pem3.oem3 (.const:ti_sysbios_knl_Mailbox_Object__table__C)

.const:ti_sysbios_knl_Queue_Object__count__C 
*          0    000004d4    00000004     
                  000004d4    00000004     empty_pem3.oem3 (.const:ti_sysbios_knl_Queue_Object__count__C)

.const:ti_sysbios_knl_Queue_Object__table__C 
*          0    000004d8    00000004     
                  000004d8    00000004     empty_pem3.oem3 (.const:ti_sysbios_knl_Queue_Object__table__C)

.const:ti_sysbios_knl_Swi_Object__count__C 
*          0    000004dc    00000004     
                  000004dc    00000004     empty_pem3.oem3 (.const:ti_sysbios_knl_Swi_Object__count__C)

.const:ti_sysbios_knl_Swi_Object__table__C 
*          0    000004e0    00000004     
                  000004e0    00000004     empty_pem3.oem3 (.const:ti_sysbios_knl_Swi_Object__table__C)

.const:ti_sysbios_knl_Swi_numPriorities__C 
*          0    000004e4    00000004     
                  000004e4    00000004     empty_pem3.oem3 (.const:ti_sysbios_knl_Swi_numPriorities__C)

.const:ti_sysbios_knl_Task_Object__count__C 
*          0    000004e8    00000004     
                  000004e8    00000004     empty_pem3.oem3 (.const:ti_sysbios_knl_Task_Object__count__C)

.const:ti_sysbios_knl_Task_Object__table__C 
*          0    000004ec    00000004     
                  000004ec    00000004     empty_pem3.oem3 (.const:ti_sysbios_knl_Task_Object__table__C)

.const:ti_sysbios_knl_Task_allBlockedFunc__C 
*          0    000004f0    00000004     
                  000004f0    00000004     empty_pem3.oem3 (.const:ti_sysbios_knl_Task_allBlockedFunc__C)

.const:ti_sysbios_knl_Task_defaultStackHeap__C 
*          0    000004f4    00000004     
                  000004f4    00000004     empty_pem3.oem3 (.const:ti_sysbios_knl_Task_defaultStackHeap__C)

.const:ti_sysbios_knl_Task_defaultStackSize__C 
*          0    000004f8    00000004     
                  000004f8    00000004     empty_pem3.oem3 (.const:ti_sysbios_knl_Task_defaultStackSize__C)

.const:ti_sysbios_knl_Task_numConstructedTasks__C 
*          0    000004fc    00000004     
                  000004fc    00000004     empty_pem3.oem3 (.const:ti_sysbios_knl_Task_numConstructedTasks__C)

.const:ti_sysbios_family_arm_cc26xx_Timer_Module__id__C 
*          0    00000502    00000002     
                  00000502    00000002     empty_pem3.oem3 (.const:ti_sysbios_family_arm_cc26xx_Timer_Module__id__C)

.const:ti_sysbios_family_arm_cc26xx_TimestampProvider_useClockTimer__C 
*          0    00000504    00000002     
                  00000504    00000002     empty_pem3.oem3 (.const:ti_sysbios_family_arm_cc26xx_TimestampProvider_useClockTimer__C)

.const:ti_sysbios_family_arm_m3_Hwi_Module__id__C 
*          0    00000506    00000002     
                  00000506    00000002     empty_pem3.oem3 (.const:ti_sysbios_family_arm_m3_Hwi_Module__id__C)

.const:ti_sysbios_gates_GateHwi_Module__id__C 
*          0    00000508    00000002     
                  00000508    00000002     empty_pem3.oem3 (.const:ti_sysbios_gates_GateHwi_Module__id__C)

.const:ti_sysbios_gates_GateMutex_Module__id__C 
*          0    0000050a    00000002     
                  0000050a    00000002     empty_pem3.oem3 (.const:ti_sysbios_gates_GateMutex_Module__id__C)

.const:ti_sysbios_heaps_HeapMem_Module__id__C 
*          0    0000050c    00000002     
                  0000050c    00000002     empty_pem3.oem3 (.const:ti_sysbios_heaps_HeapMem_Module__id__C)

.const:ti_sysbios_knl_Task_initStackFlag__C 
*          0    0000050e    00000002     
                  0000050e    00000002     empty_pem3.oem3 (.const:ti_sysbios_knl_Task_initStackFlag__C)

.const:ti_sysbios_knl_Clock_tickMode__C 
*          0    00000510    00000001     
                  00000510    00000001     empty_pem3.oem3 (.const:ti_sysbios_knl_Clock_tickMode__C)

.const:xdc_runtime_Startup_firstFxns__C 
*          0    00000514    00000008     
                  00000514    00000008     empty_pem3.oem3 (.const:xdc_runtime_Startup_firstFxns__C)

.const:xdc_runtime_Startup_lastFxns__C 
*          0    0000051c    00000008     
                  0000051c    00000008     empty_pem3.oem3 (.const:xdc_runtime_Startup_lastFxns__C)

.const:xdc_runtime_Assert_E_assertFailed__C 
*          0    00000524    00000004     
                  00000524    00000004     empty_pem3.oem3 (.const:xdc_runtime_Assert_E_assertFailed__C)

.const:xdc_runtime_Error_E_memory__C 
*          0    00000528    00000004     
                  00000528    00000004     empty_pem3.oem3 (.const:xdc_runtime_Error_E_memory__C)

.const:xdc_runtime_Error_policyFxn__C 
*          0    0000052c    00000004     
                  0000052c    00000004     empty_pem3.oem3 (.const:xdc_runtime_Error_policyFxn__C)

.const:xdc_runtime_IGateProvider_Interface__BASE__C 
*          0    00000530    00000004     
                  00000530    00000004     empty_pem3.oem3 (.const:xdc_runtime_IGateProvider_Interface__BASE__C)

.const:xdc_runtime_IHeap_Interface__BASE__C 
*          0    00000534    00000004     
                  00000534    00000004     empty_pem3.oem3 (.const:xdc_runtime_IHeap_Interface__BASE__C)

.const:xdc_runtime_IModule_Interface__BASE__C 
*          0    00000538    00000004     
                  00000538    00000004     empty_pem3.oem3 (.const:xdc_runtime_IModule_Interface__BASE__C)

.const:xdc_runtime_Main_Module__diagsEnabled__C 
*          0    0000053c    00000004     
                  0000053c    00000004     empty_pem3.oem3 (.const:xdc_runtime_Main_Module__diagsEnabled__C)

.const:xdc_runtime_Main_Module__diagsIncluded__C 
*          0    00000540    00000004     
                  00000540    00000004     empty_pem3.oem3 (.const:xdc_runtime_Main_Module__diagsIncluded__C)

.const:xdc_runtime_Main_Module__diagsMask__C 
*          0    00000544    00000004     
                  00000544    00000004     empty_pem3.oem3 (.const:xdc_runtime_Main_Module__diagsMask__C)

.const:xdc_runtime_Memory_defaultHeapInstance__C 
*          0    00000548    00000004     
                  00000548    00000004     empty_pem3.oem3 (.const:xdc_runtime_Memory_defaultHeapInstance__C)

.const:xdc_runtime_Startup_execImpl__C 
*          0    0000054c    00000004     
                  0000054c    00000004     empty_pem3.oem3 (.const:xdc_runtime_Startup_execImpl__C)

.const:xdc_runtime_Startup_maxPasses__C 
*          0    00000550    00000004     
                  00000550    00000004     empty_pem3.oem3 (.const:xdc_runtime_Startup_maxPasses__C)

.const:xdc_runtime_Startup_sfxnRts__C 
*          0    00000554    00000004     
                  00000554    00000004     empty_pem3.oem3 (.const:xdc_runtime_Startup_sfxnRts__C)

.const:xdc_runtime_Startup_sfxnTab__C 
*          0    00000558    00000004     
                  00000558    00000004     empty_pem3.oem3 (.const:xdc_runtime_Startup_sfxnTab__C)

.const:xdc_runtime_Startup_startModsFxn__C 
*          0    0000055c    00000004     
                  0000055c    00000004     empty_pem3.oem3 (.const:xdc_runtime_Startup_startModsFxn__C)

.const:xdc_runtime_SysCallback_abortFxn__C 
*          0    00000560    00000004     
                  00000560    00000004     empty_pem3.oem3 (.const:xdc_runtime_SysCallback_abortFxn__C)

.const:xdc_runtime_SysCallback_exitFxn__C 
*          0    00000564    00000004     
                  00000564    00000004     empty_pem3.oem3 (.const:xdc_runtime_SysCallback_exitFxn__C)

.const:xdc_runtime_System_abortFxn__C 
*          0    00000568    00000004     
                  00000568    00000004     empty_pem3.oem3 (.const:xdc_runtime_System_abortFxn__C)

.const:xdc_runtime_System_exitFxn__C 
*          0    0000056c    00000004     
                  0000056c    00000004     empty_pem3.oem3 (.const:xdc_runtime_System_exitFxn__C)

.const:xdc_runtime_System_maxAtexitHandlers__C 
*          0    00000570    00000004     
                  00000570    00000004     empty_pem3.oem3 (.const:xdc_runtime_System_maxAtexitHandlers__C)

.const:xdc_runtime_Text_charTab__C 
*          0    00000574    00000004     
                  00000574    00000004     empty_pem3.oem3 (.const:xdc_runtime_Text_charTab__C)

.const:xdc_runtime_Text_nameEmpty__C 
*          0    00000578    00000004     
                  00000578    00000004     empty_pem3.oem3 (.const:xdc_runtime_Text_nameEmpty__C)

.const:xdc_runtime_Text_nameStatic__C 
*          0    0000057c    00000004     
                  0000057c    00000004     empty_pem3.oem3 (.const:xdc_runtime_Text_nameStatic__C)

.const:xdc_runtime_Text_nameUnknown__C 
*          0    00000580    00000004     
                  00000580    00000004     empty_pem3.oem3 (.const:xdc_runtime_Text_nameUnknown__C)

.const:xdc_runtime_Main_Module__id__C 
*          0    00000584    00000002     
                  00000584    00000002     empty_pem3.oem3 (.const:xdc_runtime_Main_Module__id__C)

.const:xdc_runtime_Memory_Module__id__C 
*          0    00000586    00000002     
                  00000586    00000002     empty_pem3.oem3 (.const:xdc_runtime_Memory_Module__id__C)

.const:xdc_runtime_Text_charCnt__C 
*          0    00000588    00000002     
                  00000588    00000002     empty_pem3.oem3 (.const:xdc_runtime_Text_charCnt__C)

.const:xdc_runtime_Text_isLoaded__C 
*          0    0000058a    00000002     
                  0000058a    00000002     empty_pem3.oem3 (.const:xdc_runtime_Text_isLoaded__C)

.const:xdc_runtime_Error_policy__C 
*          0    0000058c    00000001     
                  0000058c    00000001     empty_pem3.oem3 (.const:xdc_runtime_Error_policy__C)

.const:ti_sysbios_rom_ROM_AONRTCChannelEnable 
*          0    00000590    00000004     
                  00000590    00000004     empty_pem3.oem3 (.const:ti_sysbios_rom_ROM_AONRTCChannelEnable)

.const:ti_sysbios_rom_ROM_AONRTCCompareValueSet 
*          0    00000594    00000004     
                  00000594    00000004     empty_pem3.oem3 (.const:ti_sysbios_rom_ROM_AONRTCCompareValueSet)

.const:ti_sysbios_rom_ROM_AONRTCCurrentCompareValueGet 
*          0    00000598    00000004     
                  00000598    00000004     empty_pem3.oem3 (.const:ti_sysbios_rom_ROM_AONRTCCurrentCompareValueGet)

.const:ti_sysbios_rom_ROM_AONRTCEventClear 
*          0    0000059c    00000004     
                  0000059c    00000004     empty_pem3.oem3 (.const:ti_sysbios_rom_ROM_AONRTCEventClear)

.const:ti_sysbios_rom_ROM_ti_sysbios_family_arm_cc26xx_Timer_getCount64__E 
*          0    000005a0    00000004     
                  000005a0    00000004     empty_pem3.oem3 (.const:ti_sysbios_rom_ROM_ti_sysbios_family_arm_cc26xx_Timer_getCount64__E)

.const:ti_sysbios_rom_ROM_ti_sysbios_family_arm_cc26xx_Timer_getCurrentTick__E 
*          0    000005a4    00000004     
                  000005a4    00000004     empty_pem3.oem3 (.const:ti_sysbios_rom_ROM_ti_sysbios_family_arm_cc26xx_Timer_getCurrentTick__E)

.const:ti_sysbios_rom_ROM_ti_sysbios_family_arm_cc26xx_Timer_getMaxTicks__E 
*          0    000005a8    00000004     
                  000005a8    00000004     empty_pem3.oem3 (.const:ti_sysbios_rom_ROM_ti_sysbios_family_arm_cc26xx_Timer_getMaxTicks__E)

.const:ti_sysbios_rom_ROM_ti_sysbios_family_arm_cc26xx_Timer_initDevice__I 
*          0    000005ac    00000004     
                  000005ac    00000004     empty_pem3.oem3 (.const:ti_sysbios_rom_ROM_ti_sysbios_family_arm_cc26xx_Timer_initDevice__I)

.const:ti_sysbios_rom_ROM_ti_sysbios_family_arm_cc26xx_Timer_setNextTick__E 
*          0    000005b0    00000004     
                  000005b0    00000004     empty_pem3.oem3 (.const:ti_sysbios_rom_ROM_ti_sysbios_family_arm_cc26xx_Timer_setNextTick__E)

.const:ti_sysbios_rom_ROM_ti_sysbios_family_arm_cc26xx_Timer_setThreshold__I 
*          0    000005b4    00000004     
                  000005b4    00000004     empty_pem3.oem3 (.const:ti_sysbios_rom_ROM_ti_sysbios_family_arm_cc26xx_Timer_setThreshold__I)

.const:ti_sysbios_rom_ROM_ti_sysbios_family_arm_cc26xx_Timer_start__E 
*          0    000005b8    00000004     
                  000005b8    00000004     empty_pem3.oem3 (.const:ti_sysbios_rom_ROM_ti_sysbios_family_arm_cc26xx_Timer_start__E)

.const:ti_sysbios_rom_ROM_ti_sysbios_family_arm_cc26xx_TimestampProvider_get32__E 
*          0    000005bc    00000004     
                  000005bc    00000004     empty_pem3.oem3 (.const:ti_sysbios_rom_ROM_ti_sysbios_family_arm_cc26xx_TimestampProvider_get32__E)

.const:ti_sysbios_rom_ROM_xdc_runtime_Startup_getState__I 
*          0    000005c0    00000004     
                  000005c0    00000004     empty_pem3.oem3 (.const:ti_sysbios_rom_ROM_xdc_runtime_Startup_getState__I)

.const:ti_sysbios_rom_ROM_xdc_runtime_System_SupportProxy_abort__E 
*          0    000005c4    00000004     
                  000005c4    00000004     empty_pem3.oem3 (.const:ti_sysbios_rom_ROM_xdc_runtime_System_SupportProxy_abort__E)

.const:ti_sysbios_rom_ROM_xdc_runtime_System_SupportProxy_exit__E 
*          0    000005c8    00000004     
                  000005c8    00000004     empty_pem3.oem3 (.const:ti_sysbios_rom_ROM_xdc_runtime_System_SupportProxy_exit__E)

.const:ti_sysbios_gates_GateMutex_Instance_State_sem__O 
*          0    000005cc    00000004     
                  000005cc    00000004     empty_pem3.oem3 (.const:ti_sysbios_gates_GateMutex_Instance_State_sem__O)

.const:ti_sysbios_knl_Clock_Module_State_clockQ__O 
*          0    000005d0    00000004     
                  000005d0    00000004     empty_pem3.oem3 (.const:ti_sysbios_knl_Clock_Module_State_clockQ__O)

.const:ti_sysbios_knl_Mailbox_Instance_State_dataQue__O 
*          0    000005d4    00000004     
                  000005d4    00000004     empty_pem3.oem3 (.const:ti_sysbios_knl_Mailbox_Instance_State_dataQue__O)

.const:ti_sysbios_knl_Mailbox_Instance_State_dataSem__O 
*          0    000005d8    00000004     
                  000005d8    00000004     empty_pem3.oem3 (.const:ti_sysbios_knl_Mailbox_Instance_State_dataSem__O)

.const:ti_sysbios_knl_Mailbox_Instance_State_freeQue__O 
*          0    000005dc    00000004     
                  000005dc    00000004     empty_pem3.oem3 (.const:ti_sysbios_knl_Mailbox_Instance_State_freeQue__O)

.const:ti_sysbios_knl_Mailbox_Instance_State_freeSem__O 
*          0    000005e0    00000004     
                  000005e0    00000004     empty_pem3.oem3 (.const:ti_sysbios_knl_Mailbox_Instance_State_freeSem__O)

.const:ti_sysbios_knl_Semaphore_Instance_State_pendQ__O 
*          0    000005e4    00000004     
                  000005e4    00000004     empty_pem3.oem3 (.const:ti_sysbios_knl_Semaphore_Instance_State_pendQ__O)

.const:ti_sysbios_knl_Task_Module_State_inactiveQ__O 
*          0    000005e8    00000004     
                  000005e8    00000004     empty_pem3.oem3 (.const:ti_sysbios_knl_Task_Module_State_inactiveQ__O)

.vecs      0    20000000    000000c8     NOLOAD SECTION
                  20000000    000000c8     empty_pem3.oem3 (.vecs)

.data:ti_sysbios_knl_Task_Module__state__V 
*          0    20000100    00000044     UNINITIALIZED
                  20000100    00000044     empty_pem3.oem3 (.data:ti_sysbios_knl_Task_Module__state__V)

.data:ti_sysbios_family_arm_m3_Hwi_Module__state__V 
*          0    20000144    00000034     UNINITIALIZED
                  20000144    00000034     empty_pem3.oem3 (.data:ti_sysbios_family_arm_m3_Hwi_Module__state__V)

.data:ti_sysbios_knl_Clock_Module__state__V 
*          0    20000178    0000002c     UNINITIALIZED
                  20000178    0000002c     empty_pem3.oem3 (.data:ti_sysbios_knl_Clock_Module__state__V)

.data:ti_sysbios_BIOS_Module__state__V 
*          0    200001a4    00000024     UNINITIALIZED
                  200001a4    00000024     empty_pem3.oem3 (.data:ti_sysbios_BIOS_Module__state__V)

.data:ti_sysbios_knl_Swi_Module__state__V 
*          0    200001c8    0000001c     UNINITIALIZED
                  200001c8    0000001c     empty_pem3.oem3 (.data:ti_sysbios_knl_Swi_Module__state__V)

.data:ti_sysbios_family_arm_cc26xx_Timer_Module__state__V 
*          0    200001e4    00000008     UNINITIALIZED
                  200001e4    00000008     empty_pem3.oem3 (.data:ti_sysbios_family_arm_cc26xx_Timer_Module__state__V)

.data:ti_sysbios_family_arm_cc26xx_TimestampProvider_Module__state__V 
*          0    200001ec    00000004     UNINITIALIZED
                  200001ec    00000004     empty_pem3.oem3 (.data:ti_sysbios_family_arm_cc26xx_TimestampProvider_Module__state__V)

.data:xdc_runtime_Startup_Module__state__V 
*          0    200001f0    00000008     UNINITIALIZED
                  200001f0    00000008     empty_pem3.oem3 (.data:xdc_runtime_Startup_Module__state__V)

.data:xdc_runtime_System_Module__state__V 
*          0    200001f8    00000008     UNINITIALIZED
                  200001f8    00000008     empty_pem3.oem3 (.data:xdc_runtime_System_Module__state__V)

.data:xdc_runtime_Memory_Module__state__V 
*          0    20000200    00000004     UNINITIALIZED
                  20000200    00000004     empty_pem3.oem3 (.data:xdc_runtime_Memory_Module__state__V)

.bss       0    20000208    00000e7f     UNINITIALIZED
                  20000208    00000400     (.common:ti_sysbios_heaps_HeapMem_Instance_State_0_buf__A)
                  20000608    00000200     empty_pem3.oem3 (.bss:taskStackSection)
                  20000808    00000200     (.common:task0Stack)
                  20000a08    0000012c     (.common:uartCC26XXObjects)
                  20000b34    00000120     rtsv7M3_T_le_eabi.lib : trgmsg.obj (.bss:_CIOBUF_)
                  20000c54    000000e0     (.common:i2cCC26xxObjects)
                  20000d34    000000c8     (.common:ti_sysbios_family_arm_m3_Hwi_dispatchTable)
                  20000dfc    00000080     (.common:xdc_runtime_SysMin_Module_State_0_outbuf__A)
                  20000e7c    0000007c     drivers_cc26xxware.aem3 : PINCC26XX.oem3 (.bss:PIN_HandleTable)
                  20000ef8    00000050     (.common:task0Struct)
                  20000f48    00000034                             : PINCC26XX.oem3 (.bss:PinSwi)
                  20000f7c    00000020     (.common:PinGpioConfigTable)
                  20000f9c    00000020     (.common:rxBuffer)
                  20000fbc    00000020     (.common:txBuffer)
                  20000fdc    00000020     (.common:uartCC26XXRingBuffer)
                  20000ffc    0000001c     (.common:PinHwi)
                  20001018    0000001c     (.common:PinSem)
                  20001034    00000014     driverlib.lib : osc.obj (.bss:oscHfGlobals)
                  20001048    00000010     empty.obj (.bss:i2cParams)
                  20001058    0000000c     empty.obj (.bss:ledPinState)
                  20001064    00000008     empty.obj (.bss)
                  2000106c    00000008     rtsv7M3_T_le_eabi.lib : trgdrv.obj (.bss:parmbuf)
                  20001074    00000008     driverlib.lib : sys_ctrl.obj (.bss:powerQualGlobals)
                  2000107c    00000004     (.common:PIN_NumPins)
                  20001080    00000004     (.common:pPinGpio)
                  20001084    00000001     (.common:driverlib_release_0_47020)
                  20001085    00000001     (.common:uartRxPowerConstraint)
                  20001086    00000001     (.common:uartTxPowerConstraint)

.data      0    20001088    0000034e     UNINITIALIZED
                  20001088    00000110     drivers_cc26xxware.aem3 : PowerCC26XX.oem3 (.data:PowerCC26XX_module)
                  20001198    0000004c     empty_pem3.oem3 (.data:ti_sysbios_knl_Task_Object__table__V)
                  200011e4    00000004     drivers_cc26xxware.aem3 : I2C.oem3 (.data)
                  200011e8    00000048     empty_pem3.oem3 (.data:ti_sysbios_family_arm_cc26xx_Timer_Object__table__V)
                  20001230    00000038     empty_pem3.oem3 (.data:ti_sysbios_gates_GateMutex_Object__table__V)
                  20001268    00000030     empty_pem3.oem3 (.data:ti_sysbios_knl_Swi_Module_State_0_readyQ__A)
                  20001298    00000030     empty_pem3.oem3 (.data:ti_sysbios_knl_Swi_Object__table__V)
                  200012c8    00000020     empty_pem3.oem3 (.data:ti_sysbios_knl_Clock_Object__table__V)
                  200012e8    00000020     empty_pem3.oem3 (.data:ti_sysbios_knl_Task_Module_State_0_readyQ__A)
                  20001308    00000018     empty_pem3.oem3 (.data:ti_sysbios_family_arm_m3_Hwi_Object__table__V)
                  20001320    00000018     empty_pem3.oem3 (.data:ti_sysbios_heaps_HeapMem_Object__table__V)
                  20001338    0000000c     empty.obj (.data:ledPinTable)
                  20001344    0000000c     empty_pem3.oem3 (.data:xdc_runtime_SysMin_Module__state__V)
                  20001350    00000008     rtsv7M3_T_le_eabi.lib : _lock.obj (.data:$O1$$)
                  20001358    00000008     empty_pem3.oem3 (.data:ti_sysbios_family_arm_m3_Hwi_Module__root__V)
                  20001360    00000008     empty_pem3.oem3 (.data:ti_sysbios_gates_GateHwi_Module__root__V)
                  20001368    00000008     empty_pem3.oem3 (.data:ti_sysbios_gates_GateMutex_Module__root__V)
                  20001370    00000008     empty_pem3.oem3 (.data:ti_sysbios_hal_Hwi_Module__root__V)
                  20001378    00000008     empty_pem3.oem3 (.data:ti_sysbios_heaps_HeapMem_Module__root__V)
                  20001380    00000008     empty_pem3.oem3 (.data:ti_sysbios_knl_Clock_Module__root__V)
                  20001388    00000008     empty_pem3.oem3 (.data:ti_sysbios_knl_Mailbox_Module__root__V)
                  20001390    00000008     empty_pem3.oem3 (.data:ti_sysbios_knl_Queue_Module__root__V)
                  20001398    00000008     empty_pem3.oem3 (.data:ti_sysbios_knl_Semaphore_Module__root__V)
                  200013a0    00000008     empty_pem3.oem3 (.data:ti_sysbios_knl_Swi_Module__root__V)
                  200013a8    00000008     empty_pem3.oem3 (.data:ti_sysbios_knl_Task_Module__root__V)
[...]
1001c191  ti_sysbios_knl_Clock_getTimerHandle__E                                    
1001c19d  ti_sysbios_knl_Mailbox_Params__init__S                                    
1001c1a9  ti_sysbios_knl_Queue_dequeue__E                                           
1001c1b5  ti_sysbios_knl_Queue_enqueue__E                                           
1001c1c1  ti_sysbios_knl_Semaphore_Params__init__S                                  
1001c1cd  ti_sysbios_knl_Swi_Params__init__S                                        
1001c1d9  ti_sysbios_knl_Task_Params__init__S                                       
1001c1e5  ti_sysbios_knl_Task_self__E                                               
1001c1f1  ti_sysbios_hal_Hwi_Instance_finalize__E                                   
1001c1fb  ti_sysbios_family_arm_m3_Hwi_doSwiRestore__I                              
1001c203  ti_sysbios_family_arm_m3_Hwi_startup__E                                   
1001c20b  ti_sysbios_knl_Idle_loop__E                                               
1001c213  ti_sysbios_family_arm_m3_Hwi_doTaskRestore__I                             
1001c219  ti_sysbios_family_arm_m3_Hwi_restoreFxn__E                                
1001c21f  ti_sysbios_gates_GateHwi_leave__E                                         
1001c22b  ti_sysbios_knl_Queue_Instance_init__E                                     
1001c231  ti_sysbios_knl_Queue_elemClear__E                                         
1001c237  ti_sysbios_knl_Swi_Module_startup__E                                      
1001c23d  ti_sysbios_knl_Swi_startup__E                                             
1001c243  ti_sysbios_knl_Task_enable__E                                             
1001c249  ti_sysbios_BIOS_RtsGateProxy_enter__E                                     
1001c24d  ti_sysbios_BIOS_RtsGateProxy_leave__E                                     
1001c251  ti_sysbios_family_arm_cc26xx_Timer_getExpiredTicks__E                     
1001c255  ti_sysbios_family_arm_cc26xx_Timer_getPeriod__E                           
1001c259  ti_sysbios_family_arm_cc26xx_Timer_setPeriod__E                           
1001c25d  ti_sysbios_family_arm_m3_Hwi_delete                                       
1001c261  ti_sysbios_family_arm_m3_Hwi_destruct                                     
1001c265  ti_sysbios_family_arm_m3_TaskSupport_Module__startupDone__S               
1001c269  ti_sysbios_gates_GateHwi_query__E                                         
1001c269  xdc_runtime_System_Module_GateProxy_query__E                              
1001c26d  ti_sysbios_gates_GateMutex_delete                                         
1001c271  ti_sysbios_gates_GateMutex_destruct                                       
1001c275  ti_sysbios_BIOS_RtsGateProxy_query__E                                     
1001c275  ti_sysbios_gates_GateMutex_query__E                                       
1001c275  ti_sysbios_heaps_HeapMem_Module_GateProxy_query__E                        
1001c279  ti_sysbios_hal_Hwi_HwiProxy_Module__startupDone__S                        
1001c27d  ti_sysbios_hal_Hwi_HwiProxy_delete                                        
1001c281  ti_sysbios_hal_Hwi_HwiProxy_disableInterrupt__E                           
1001c281  ti_sysbios_hal_Hwi_disableInterrupt__E                                    
1001c285  ti_sysbios_hal_Hwi_HwiProxy_enableInterrupt__E                            
1001c285  ti_sysbios_hal_Hwi_enableInterrupt__E                                     
1001c289  ti_sysbios_hal_Hwi_HwiProxy_getStackInfo__E                               
1001c289  ti_sysbios_hal_Hwi_getStackInfo__E                                        
1001c28d  ti_sysbios_hal_Hwi_HwiProxy_startup__E                                    
1001c28d  ti_sysbios_hal_Hwi_startup__E                                             
1001c291  ti_sysbios_hal_Hwi_HwiProxy_switchFromBootStack__E                        
1001c295  ti_sysbios_hal_Hwi_delete                                                 
1001c299  ti_sysbios_hal_Hwi_switchFromBootStack__E                                 
1001c29d  ti_sysbios_heaps_HeapMem_Module_GateProxy_enter__E                        
1001c2a1  ti_sysbios_heaps_HeapMem_Module_GateProxy_leave__E                        
1001c2a5  ti_sysbios_heaps_HeapMem_isBlocking__E                                    
1001c2a9  ti_sysbios_knl_Clock_TimerProxy_Module__startupDone__S                    
1001c2ad  ti_sysbios_knl_Clock_TimerProxy_getExpiredTicks__E                        
1001c2b1  ti_sysbios_knl_Clock_TimerProxy_getPeriod__E                              
1001c2b5  ti_sysbios_knl_Clock_delete                                               
1001c2b9  ti_sysbios_knl_Clock_destruct                                             
1001c2bd  ti_sysbios_knl_Clock_removeI__E                                           
1001c2c1  ti_sysbios_knl_Clock_setTimeout__E                                        
1001c2c5  ti_sysbios_knl_Mailbox_delete                                             
1001c2c9  ti_sysbios_knl_Mailbox_destruct                                           
1001c2cd  ti_sysbios_knl_Queue_delete                                               
1001c2d1  ti_sysbios_knl_Queue_destruct                                             
1001c2d5  ti_sysbios_knl_Queue_head__E                                              
1001c2d9  ti_sysbios_knl_Queue_next__E                                              
1001c2dd  ti_sysbios_knl_Semaphore_delete                                           
1001c2e1  ti_sysbios_knl_Semaphore_destruct                                         
1001c2e5  ti_sysbios_knl_Swi_delete                                                 
1001c2e9  ti_sysbios_knl_Swi_destruct                                               
1001c2ed  ti_sysbios_knl_Swi_postInit__I                                            
1001c2f1  ti_sysbios_knl_Task_SupportProxy_Module__startupDone__S                   
1001c2f5  ti_sysbios_knl_Task_SupportProxy_getStackAlignment__E                     
1001c2f9  ti_sysbios_knl_Task_SupportProxy_start__E                                 
1001c2fd  ti_sysbios_knl_Task_SupportProxy_swap__E                                  
1001c301  ti_sysbios_knl_Task_delete                                                
1001c305  ti_sysbios_knl_Task_destruct                                              
1001c309  ti_sysbios_knl_Task_startup__E                                            
1001c30d  xdc_runtime_Startup_startMods__I                                          
1001c405  xdc_runtime_Core_createObject__I                                          
1001c487  xdc_runtime_Error_policySpin__E                                           
1001c489  xdc_runtime_Memory_alloc__E                                               
1001c4f9  xdc_runtime_Core_deleteObject__I                                          
1001c559  xdc_runtime_Startup_exec__E                                               
1001c5a9  xdc_runtime_Assert_raise__I                                               
1001c5f1  xdc_runtime_Core_assignParams__I                                          
1001c639  xdc_runtime_Core_constructObject__I                                       
1001c681  xdc_runtime_System_atexit__E                                              
1001c6b9  xdc_runtime_System_processAtExit__E                                       
1001c6ed  xdc_runtime_Core_assignLabel__I                                           
1001c71d  xdc_runtime_Text_cordText__E                                              
1001c749  xdc_runtime_System_abort__E                                               
1001c769  xdc_runtime_Error_raiseX__E                                               
1001c785  xdc_runtime_Memory_valloc__E                                              
1001c7a1  xdc_runtime_Core_destructObject__I                                        
1001c7b9  xdc_runtime_Error_check__E                                                
1001c7d1  xdc_runtime_System_exit__E                                                
1001c7e9  xdc_runtime_Text_ropeText__E                                              
1001c801  xdc_runtime_Memory_free__E                                                
1001c811  xdc_runtime_SysCallback_abort__E                                          
1001c821  xdc_runtime_SysCallback_exit__E                                           
1001c831  xdc_runtime_Timestamp_SupportProxy_get32__E                               
1001c831  xdc_runtime_Timestamp_get32__E                                            
1001c841  xdc_runtime_Error_init__E                                                 
1001c84d  xdc_runtime_Memory_calloc__E                                              
1001c859  xdc_runtime_Memory_getMaxDefaultTypeAlign__E                              
1001c879  xdc_runtime_Gate_leaveSystem__E                                           
1001c87f  xdc_runtime_System_Module_startup__E                                      
1001c885  xdc_runtime_Gate_enterSystem__E                                           
1001c889  xdc_runtime_Memory_HeapProxy_alloc__E                                     
1001c88d  xdc_runtime_Memory_HeapProxy_free__E                                      
1001c891  xdc_runtime_System_Module_GateProxy_enter__E                              
1001c895  xdc_runtime_System_Module_GateProxy_leave__E                              
1001c899  xdc_runtime_System_abortSpin__E                                           
1001c89b  xdc_runtime_System_exitSpin__E                                            
1001c89d  ti_sysbios_family_arm_m3_Hwi_dispatch__I                                  
1001c96d  ti_sysbios_family_arm_m3_TaskSupport_buildTaskStack                       
1001c9b9  ti_sysbios_family_arm_m3_Hwi_initStacks__E                                
1001ca01  ti_sysbios_family_arm_m3_Hwi_excHandlerAsm__I                             
1001ca21  ti_sysbios_family_xxx_Hwi_switchAndRunFunc                                
1001ca3f  ti_sysbios_family_arm_m3_Hwi_pendSV__I                                    
1001ca57  ti_sysbios_family_arm_m3_Hwi_return                                       
1001ca59  ti_sysbios_family_arm_m3_TaskSupport_glue                                 
1001ca69  ti_sysbios_family_arm_m3_TaskSupport_swap__E                              
1001ca71  ti_sysbios_knl_Task_swapReturn                                            
1001ca9b  ti_sysbios_rom_cortexm_cc26xx_CC26xx_getRevision__E                       
20000000  ti_sysbios_family_arm_m3_Hwi_ramVectors                                   
20000100  ti_sysbios_knl_Task_Module__state__V                                      
20000144  ti_sysbios_family_arm_m3_Hwi_Module__state__V                             
20000178  ti_sysbios_knl_Clock_Module__state__V                                     
200001a4  ti_sysbios_BIOS_Module__state__V                                          
200001c8  ti_sysbios_knl_Swi_Module__state__V                                       
200001e4  ti_sysbios_family_arm_cc26xx_Timer_Module__state__V                       
200001ec  ti_sysbios_family_arm_cc26xx_TimestampProvider_Module__state__V           
200001f0  xdc_runtime_Startup_Module__state__V                                      
200001f8  xdc_runtime_System_Module__state__V                                       
20000200  xdc_runtime_Memory_Module__state__V                                       
20000208  ti_sysbios_heaps_HeapMem_Instance_State_0_buf__A                          
20000608  ti_sysbios_knl_Task_Instance_State_0_stack__A                             
20000808  task0Stack                                                                
20000a08  uartCC26XXObjects                                                         
20000b34  __CIOBUF_                                                                 
20000c54  i2cCC26xxObjects                                                          
20000d34  ti_sysbios_family_arm_m3_Hwi_dispatchTable                                
20000dfc  xdc_runtime_SysMin_Module_State_0_outbuf__A                               
20000e7c  PIN_HandleTable                                                           
20000ef8  task0Struct                                                               
20000f9c  rxBuffer                                                                  
20000fbc  txBuffer                                                                  
20000fdc  uartCC26XXRingBuffer                                                      
2000107c  PIN_NumPins                                                               
20001084  driverlib_release_0_47020                                                 
20001088  PowerCC26XX_module                                                        
20001198  ti_sysbios_knl_Task_Object__table__V                                      
200011e8  ti_sysbios_family_arm_cc26xx_Timer_Object__table__V                       
20001230  ti_sysbios_gates_GateMutex_Object__table__V                               
20001268  ti_sysbios_knl_Swi_Module_State_0_readyQ__A                               
20001298  ti_sysbios_knl_Swi_Object__table__V                                       
200012c8  ti_sysbios_knl_Clock_Object__table__V                                     
200012e8  ti_sysbios_knl_Task_Module_State_0_readyQ__A                              
20001308  ti_sysbios_family_arm_m3_Hwi_Object__table__V                             
20001320  ti_sysbios_heaps_HeapMem_Object__table__V                                 
20001338  ledPinTable                                                               
20001344  xdc_runtime_SysMin_Module__state__V                                       
20001350  _lock                                                                     
20001354  _unlock                                                                   
20001358  ti_sysbios_family_arm_m3_Hwi_Module__root__V                              
20001360  ti_sysbios_gates_GateHwi_Module__root__V                                  
20001368  ti_sysbios_gates_GateMutex_Module__root__V                                
20001370  ti_sysbios_hal_Hwi_Module__root__V                                        
20001378  ti_sysbios_heaps_HeapMem_Module__root__V                                  
20001380  ti_sysbios_knl_Clock_Module__root__V                                      
20001388  ti_sysbios_knl_Mailbox_Module__root__V                                    
20001390  ti_sysbios_knl_Queue_Module__root__V                                      
20001398  ti_sysbios_knl_Semaphore_Module__root__V                                  
200013a0  ti_sysbios_knl_Swi_Module__root__V                                        
200013a8  ti_sysbios_knl_Task_Module__root__V                                       
200013b0  xdc_runtime_Registry_Module__state__V                                     
200013b8  xdc_runtime_System_Module_State_0_atexitHandlers__A                       
200013c4  main_func_sp                                                              
200013c8  ti_sysbios_family_arm_m3_Hwi_Module_State_0_excContext__A                 
200013cc  ti_sysbios_family_arm_m3_Hwi_Module_State_0_excStack__A                   
200013d0  ti_sysbios_knl_Task_Module_State_0_idleTask__A                            
200013d4  ti_sysbios_family_arm_m3_Hwi_Module_State_0_excActive__A                  
20004d00  __stack                                                                   
20005000  __STACK_END                                                               
e000e000  ti_sysbios_family_arm_m3_Hwi_nvic                                         
ffffffff  __TI_pprof_out_hndl                                                       
ffffffff  __TI_prof_data_size                                                       
ffffffff  __TI_prof_data_start                                                      
ffffffff  __binit__                                                                 
ffffffff  __c_args__                                                                
ffffffff  binit                                                                     
UNDEFED   Board_initI2C                                                             
UNDEFED   HwiP_restore                                                              
UNDEFED   SHT$$INIT_ARRAY$$Base                                                     
UNDEFED   SHT$$INIT_ARRAY$$Limit                                                    
UNDEFED   ti_sysbios_BIOS_RtsGateProxy_Handle__label__S__mangled__                  
UNDEFED   ti_sysbios_BIOS_RtsGateProxy_Object__delete__S__mangled__                 
UNDEFED   ti_sysbios_BIOS_RtsGateProxy_Params__init__S__mangled__                   
UNDEFED   ti_sysbios_BIOS_RtsGateProxy_query__E__mangled__                          
UNDEFED   ti_sysbios_hal_Hwi_HwiProxy_Module__startupDone__S__mangled__             
UNDEFED   ti_sysbios_hal_Hwi_HwiProxy_Object__delete__S__mangled__                  
UNDEFED   ti_sysbios_hal_Hwi_HwiProxy_Params__init__S__mangled__                    
UNDEFED   ti_sysbios_hal_Hwi_HwiProxy_disableInterrupt__E__mangled__                
UNDEFED   ti_sysbios_hal_Hwi_HwiProxy_enableInterrupt__E__mangled__                 
UNDEFED   ti_sysbios_hal_Hwi_HwiProxy_getStackInfo__E__mangled__                    
UNDEFED   ti_sysbios_hal_Hwi_HwiProxy_startup__E__mangled__                         
UNDEFED   ti_sysbios_hal_Hwi_HwiProxy_switchFromBootStack__E__mangled__             
UNDEFED   ti_sysbios_hal_Hwi_disableInterrupt__E                                    
UNDEFED   ti_sysbios_hal_Hwi_enableInterrupt__E                                     
UNDEFED   ti_sysbios_hal_Hwi_getStackInfo__E                                        
UNDEFED   ti_sysbios_hal_Hwi_startup__E                                             
UNDEFED   ti_sysbios_hal_Hwi_switchFromBootStack__E                                 
UNDEFED   ti_sysbios_heaps_HeapMem_Module_GateProxy_Handle__label__S__mangled__     
UNDEFED   ti_sysbios_heaps_HeapMem_Module_GateProxy_Object__delete__S__mangled__    
UNDEFED   ti_sysbios_heaps_HeapMem_Module_GateProxy_Params__init__S__mangled__      
UNDEFED   ti_sysbios_heaps_HeapMem_Module_GateProxy_query__E__mangled__             
UNDEFED   ti_sysbios_knl_Clock_TimerProxy_Module__startupDone__S__mangled__         
UNDEFED   ti_sysbios_knl_Clock_TimerProxy_startup__E__mangled__                     
UNDEFED   ti_sysbios_knl_Task_SupportProxy_Module__startupDone__S__mangled__        
UNDEFED   ti_sysbios_knl_Task_SupportProxy_getStackAlignment__E__mangled__          
UNDEFED   ti_sysbios_knl_Task_SupportProxy_start__E__mangled__                      
UNDEFED   ti_sysbios_knl_Task_SupportProxy_swap__E__mangled__                       
UNDEFED   xdc_runtime_Main_Module_GateProxy_Handle__label__S                        
UNDEFED   xdc_runtime_Main_Module_GateProxy_Object__delete__S                       
UNDEFED   xdc_runtime_Main_Module_GateProxy_query__E                                
UNDEFED   xdc_runtime_Memory_HeapProxy_Handle__label__S__mangled__                  
UNDEFED   xdc_runtime_Memory_HeapProxy_Object__delete__S__mangled__                 
UNDEFED   xdc_runtime_System_Module_GateProxy_Handle__label__S__mangled__           
UNDEFED   xdc_runtime_System_Module_GateProxy_Object__delete__S__mangled__          
UNDEFED   xdc_runtime_System_Module_GateProxy_query__E__mangled__                   
UNDEFED   xdc_runtime_Timestamp_SupportProxy_get64__E__mangled__                    
UNDEFED   xdc_runtime_Timestamp_SupportProxy_getFreq__E__mangled__                  
UNDEFED   xdc_runtime_Timestamp_get32__E                                            
UNDEFED   xdc_runtime_Timestamp_get64__E                                            
UNDEFED   xdc_runtime_Timestamp_getFreq__E                                          

[784 symbols]
